main.c:223:5:main	16	static
main.c:382:6:SystemClock_Config	88	static
main.c:425:6:renderCube	16	static,ignoring_inline_asm
main.c:450:6:rain	24	static
main.c:466:6:planeBoing	16	static
main.c:524:6:sendVoxels	16	static
main.c:569:6:woopWoop	8	static
main.c:596:6:glow	8	static
main.c:641:6:text	24	static
main.c:671:6:fireWork	16	static
main.c:792:6:lit	16	static
main.c:804:6:cubeJump	8	static
main.c:854:6:setVoxel	16	static
main.c:858:6:clearVoxel	16	static
main.c:862:9:getVoxel	16	static
main.c:866:6:setPlane	24	static
main.c:880:6:shift	32	static
main.c:943:6:drawCube	32	static
main.c:960:6:lightCube	16	static
main.c:968:6:clearCube	16	static
main.c:977:6:HAL_TIM_PeriodElapsedCallback	16	static
main.c:987:6:HAL_UART_RxCpltCallback	16	static
main.c:996:6:Error_Handler	4	static
