../Core/Src/main.c:216:5:main	16	static
../Core/Src/main.c:368:6:SystemClock_Config	88	static
../Core/Src/main.c:411:6:renderCube	16	static,ignoring_inline_asm
../Core/Src/main.c:436:6:rain	24	static
../Core/Src/main.c:452:6:planeBoing	16	static
../Core/Src/main.c:510:6:sendVoxels	16	static
../Core/Src/main.c:555:6:woopWoop	8	static
../Core/Src/main.c:582:6:glow	8	static
../Core/Src/main.c:627:6:text	24	static
../Core/Src/main.c:657:6:fireWork	16	static
../Core/Src/main.c:778:6:lit	16	static
../Core/Src/main.c:790:6:cubeJump	8	static
../Core/Src/main.c:840:6:setVoxel	16	static
../Core/Src/main.c:844:6:clearVoxel	16	static
../Core/Src/main.c:848:9:getVoxel	16	static
../Core/Src/main.c:852:6:setPlane	24	static
../Core/Src/main.c:866:6:shift	32	static
../Core/Src/main.c:929:6:drawCube	32	static
../Core/Src/main.c:946:6:lightCube	16	static
../Core/Src/main.c:954:6:clearCube	16	static
../Core/Src/main.c:963:6:HAL_TIM_PeriodElapsedCallback	16	static
../Core/Src/main.c:977:6:Error_Handler	4	static
