../Core/Src/main.c:249:5:main	16	static
../Core/Src/main.c:419:6:SystemClock_Config	88	static
../Core/Src/main.c:462:6:renderCube	16	static,ignoring_inline_asm
../Core/Src/main.c:487:6:rain	24	static
../Core/Src/main.c:503:6:planeBoing	16	static
../Core/Src/main.c:561:6:sendVoxels	16	static
../Core/Src/main.c:606:6:woopWoop	8	static
../Core/Src/main.c:633:6:glow	8	static
../Core/Src/main.c:678:6:text	24	static
../Core/Src/main.c:744:6:fireWork	16	static
../Core/Src/main.c:865:6:lit	16	static
../Core/Src/main.c:877:6:cubeJump	8	static
../Core/Src/main.c:926:6:demo	8	static
../Core/Src/main.c:958:6:setVoxel	16	static
../Core/Src/main.c:962:6:clearVoxel	16	static
../Core/Src/main.c:966:9:getVoxel	16	static
../Core/Src/main.c:970:6:setPlane	24	static
../Core/Src/main.c:984:6:shift	32	static
../Core/Src/main.c:1047:6:drawCube	32	static
../Core/Src/main.c:1064:6:lightCube	16	static
../Core/Src/main.c:1072:6:clearCube	16	static
../Core/Src/main.c:1081:6:HAL_TIM_PeriodElapsedCallback	16	static
../Core/Src/main.c:1091:6:HAL_UART_RxCpltCallback	16	static
../Core/Src/main.c:1100:6:Error_Handler	4	static
