main.c:223:5:main	16	static
main.c:383:6:SystemClock_Config	88	static
main.c:426:6:renderCube	16	static,ignoring_inline_asm
main.c:451:6:rain	24	static
main.c:467:6:planeBoing	16	static
main.c:525:6:sendVoxels	16	static
main.c:570:6:woopWoop	8	static
main.c:597:6:glow	8	static
main.c:642:6:text	24	static
main.c:672:6:fireWork	16	static
main.c:793:6:lit	16	static
main.c:805:6:cubeJump	8	static
main.c:855:6:setVoxel	16	static
main.c:859:6:clearVoxel	16	static
main.c:863:9:getVoxel	16	static
main.c:867:6:setPlane	24	static
main.c:881:6:shift	32	static
main.c:944:6:drawCube	32	static
main.c:961:6:lightCube	16	static
main.c:969:6:clearCube	16	static
main.c:978:6:HAL_TIM_PeriodElapsedCallback	16	static
main.c:988:6:HAL_UART_RxCpltCallback	16	static
main.c:997:6:Error_Handler	4	static
