../Core/Src/main.c:272:5:main	16	static
../Core/Src/main.c:661:6:SystemClock_Config	88	static
../Core/Src/main.c:704:6:renderCube	16	static,ignoring_inline_asm
../Core/Src/main.c:729:6:rain	24	static
../Core/Src/main.c:745:6:planeBoing	16	static
../Core/Src/main.c:803:6:sendVoxels	16	static
../Core/Src/main.c:848:6:woopWoop	8	static
../Core/Src/main.c:875:6:glow	8	static
../Core/Src/main.c:920:6:text	24	static
../Core/Src/main.c:986:6:fireWork	16	static
../Core/Src/main.c:1107:6:lit	16	static
../Core/Src/main.c:1119:6:cubeJump	8	static
../Core/Src/main.c:1208:6:setVoxel	16	static
../Core/Src/main.c:1212:6:clearVoxel	16	static
../Core/Src/main.c:1216:9:getVoxel	16	static
../Core/Src/main.c:1220:6:setPlane	24	static
../Core/Src/main.c:1234:6:shift	32	static
../Core/Src/main.c:1297:6:drawCube	32	static
../Core/Src/main.c:1314:6:lightCube	16	static
../Core/Src/main.c:1322:6:clearCube	16	static
../Core/Src/main.c:1331:6:HAL_TIM_PeriodElapsedCallback	16	static
../Core/Src/main.c:1341:6:HAL_UART_RxCpltCallback	16	static
../Core/Src/main.c:1350:6:Error_Handler	4	static
