../Core/Src/main.c:223:5:main	16	static
../Core/Src/main.c:380:6:SystemClock_Config	88	static
../Core/Src/main.c:423:6:renderCube	16	static,ignoring_inline_asm
../Core/Src/main.c:448:6:rain	24	static
../Core/Src/main.c:464:6:planeBoing	16	static
../Core/Src/main.c:522:6:sendVoxels	16	static
../Core/Src/main.c:567:6:woopWoop	8	static
../Core/Src/main.c:594:6:glow	8	static
../Core/Src/main.c:639:6:text	24	static
../Core/Src/main.c:669:6:fireWork	16	static
../Core/Src/main.c:790:6:lit	16	static
../Core/Src/main.c:802:6:cubeJump	8	static
../Core/Src/main.c:852:6:setVoxel	16	static
../Core/Src/main.c:856:6:clearVoxel	16	static
../Core/Src/main.c:860:9:getVoxel	16	static
../Core/Src/main.c:864:6:setPlane	24	static
../Core/Src/main.c:878:6:shift	32	static
../Core/Src/main.c:941:6:drawCube	32	static
../Core/Src/main.c:958:6:lightCube	16	static
../Core/Src/main.c:966:6:clearCube	16	static
../Core/Src/main.c:975:6:HAL_TIM_PeriodElapsedCallback	16	static
../Core/Src/main.c:985:6:HAL_UART_RxCpltCallback	16	static
../Core/Src/main.c:994:6:Error_Handler	4	static
