main.c:176:5:main	16	static
main.c:279:6:SystemClock_Config	88	static
main.c:322:6:renderCube	16	static,ignoring_inline_asm
main.c:347:6:rain	24	static
main.c:363:6:planeBoing	16	static
main.c:421:6:sendVoxels	16	static
main.c:466:6:woopWoop	8	static
main.c:493:6:glow	8	static
main.c:538:6:text	24	static
main.c:568:6:lit	16	static
main.c:580:6:cubeJump	8	static
main.c:630:6:setVoxel	16	static
main.c:634:6:clearVoxel	16	static
main.c:638:9:getVoxel	16	static
main.c:642:6:setPlane	24	static
main.c:656:6:shift	32	static
main.c:719:6:drawCube	32	static
main.c:736:6:lightCube	16	static
main.c:744:6:clearCube	16	static
main.c:753:6:HAL_TIM_PeriodElapsedCallback	16	static
main.c:764:6:Error_Handler	4	static
