../Core/Src/main.c:215:5:main	16	static
../Core/Src/main.c:356:6:SystemClock_Config	88	static
../Core/Src/main.c:399:6:renderCube	16	static,ignoring_inline_asm
../Core/Src/main.c:424:6:rain	24	static
../Core/Src/main.c:440:6:planeBoing	16	static
../Core/Src/main.c:498:6:sendVoxels	16	static
../Core/Src/main.c:543:6:woopWoop	8	static
../Core/Src/main.c:570:6:glow	8	static
../Core/Src/main.c:615:6:text	24	static
../Core/Src/main.c:645:6:fireWork	16	static
../Core/Src/main.c:766:6:lit	16	static
../Core/Src/main.c:778:6:cubeJump	8	static
../Core/Src/main.c:828:6:setVoxel	16	static
../Core/Src/main.c:832:6:clearVoxel	16	static
../Core/Src/main.c:836:9:getVoxel	16	static
../Core/Src/main.c:840:6:setPlane	24	static
../Core/Src/main.c:854:6:shift	32	static
../Core/Src/main.c:917:6:drawCube	32	static
../Core/Src/main.c:934:6:lightCube	16	static
../Core/Src/main.c:942:6:clearCube	16	static
../Core/Src/main.c:951:6:HAL_TIM_PeriodElapsedCallback	16	static
../Core/Src/main.c:965:6:Error_Handler	4	static
