main.c:274:5:main	16	static
main.c:701:6:SystemClock_Config	88	static
main.c:744:6:renderCube	16	static,ignoring_inline_asm
main.c:769:6:rain	24	static
main.c:785:6:planeBoing	16	static
main.c:843:6:sendVoxels	16	static
main.c:888:6:woopWoop	8	static
main.c:915:6:glow	8	static
main.c:960:6:text	32	static
main.c:1061:6:fireWork	16	static
main.c:1182:6:lit	16	static
main.c:1194:6:cubeJump	8	static
main.c:1283:6:setVoxel	16	static
main.c:1287:6:clearVoxel	16	static
main.c:1291:9:getVoxel	16	static
main.c:1295:6:setPlane	24	static
main.c:1309:6:shift	32	static
main.c:1372:6:drawCube	32	static
main.c:1389:6:lightCube	16	static
main.c:1397:6:clearCube	16	static
main.c:1406:6:HAL_TIM_PeriodElapsedCallback	16	static
main.c:1416:6:HAL_UART_RxCpltCallback	16	static
main.c:1425:6:Error_Handler	4	static
