../Core/Src/main.c:244:5:main	16	static
../Core/Src/main.c:409:6:SystemClock_Config	88	static
../Core/Src/main.c:452:6:renderCube	16	static,ignoring_inline_asm
../Core/Src/main.c:477:6:rain	24	static
../Core/Src/main.c:493:6:planeBoing	16	static
../Core/Src/main.c:551:6:sendVoxels	16	static
../Core/Src/main.c:596:6:woopWoop	8	static
../Core/Src/main.c:623:6:glow	8	static
../Core/Src/main.c:668:6:text	24	static
../Core/Src/main.c:734:6:fireWork	16	static
../Core/Src/main.c:855:6:lit	16	static
../Core/Src/main.c:867:6:cubeJump	8	static
../Core/Src/main.c:917:6:setVoxel	16	static
../Core/Src/main.c:921:6:clearVoxel	16	static
../Core/Src/main.c:925:9:getVoxel	16	static
../Core/Src/main.c:929:6:setPlane	24	static
../Core/Src/main.c:943:6:shift	32	static
../Core/Src/main.c:1006:6:drawCube	32	static
../Core/Src/main.c:1023:6:lightCube	16	static
../Core/Src/main.c:1031:6:clearCube	16	static
../Core/Src/main.c:1040:6:HAL_TIM_PeriodElapsedCallback	16	static
../Core/Src/main.c:1050:6:HAL_UART_RxCpltCallback	16	static
../Core/Src/main.c:1059:6:Error_Handler	4	static
