main.c:182:5:main	16	static
main.c:312:6:SystemClock_Config	88	static
main.c:355:6:renderCube	16	static,ignoring_inline_asm
main.c:380:6:rain	24	static
main.c:396:6:planeBoing	16	static
main.c:454:6:sendVoxels	16	static
main.c:499:6:woopWoop	8	static
main.c:526:6:glow	8	static
main.c:571:6:text	24	static
main.c:601:6:lit	16	static
main.c:613:6:cubeJump	8	static
main.c:663:6:setVoxel	16	static
main.c:667:6:clearVoxel	16	static
main.c:671:9:getVoxel	16	static
main.c:675:6:setPlane	24	static
main.c:689:6:shift	32	static
main.c:752:6:drawCube	32	static
main.c:769:6:lightCube	16	static
main.c:777:6:clearCube	16	static
main.c:786:6:HAL_TIM_PeriodElapsedCallback	16	static
main.c:800:6:Error_Handler	4	static
