main.c:215:5:main	16	static
main.c:346:6:SystemClock_Config	88	static
main.c:389:6:renderCube	16	static,ignoring_inline_asm
main.c:414:6:rain	24	static
main.c:430:6:planeBoing	16	static
main.c:488:6:sendVoxels	16	static
main.c:533:6:woopWoop	8	static
main.c:560:6:glow	8	static
main.c:605:6:text	24	static
main.c:635:6:fireWork	16	static
main.c:756:6:lit	16	static
main.c:768:6:cubeJump	8	static
main.c:818:6:setVoxel	16	static
main.c:822:6:clearVoxel	16	static
main.c:826:9:getVoxel	16	static
main.c:830:6:setPlane	24	static
main.c:844:6:shift	32	static
main.c:907:6:drawCube	32	static
main.c:924:6:lightCube	16	static
main.c:932:6:clearCube	16	static
main.c:941:6:HAL_TIM_PeriodElapsedCallback	16	static
main.c:955:6:Error_Handler	4	static
