main.c:263:5:main	16	static
main.c:596:6:SystemClock_Config	88	static
main.c:639:6:renderCube	16	static,ignoring_inline_asm
main.c:664:6:rain	24	static
main.c:680:6:planeBoing	16	static
main.c:738:6:sendVoxels	16	static
main.c:783:6:woopWoop	8	static
main.c:810:6:glow	8	static
main.c:855:6:text	24	static
main.c:921:6:fireWork	16	static
main.c:1042:6:lit	16	static
main.c:1054:6:cubeJump	8	static
main.c:1103:6:demo	16	static
main.c:1143:6:setVoxel	16	static
main.c:1147:6:clearVoxel	16	static
main.c:1151:9:getVoxel	16	static
main.c:1155:6:setPlane	24	static
main.c:1169:6:shift	32	static
main.c:1232:6:drawCube	32	static
main.c:1249:6:lightCube	16	static
main.c:1257:6:clearCube	16	static
main.c:1266:6:HAL_TIM_PeriodElapsedCallback	16	static
main.c:1276:6:HAL_UART_RxCpltCallback	16	static
main.c:1285:6:Error_Handler	4	static
