main.c:173:5:main	16	static
main.c:268:6:SystemClock_Config	88	static
main.c:311:6:renderCube	16	static
main.c:334:6:rain	24	static
main.c:350:6:planeBoing	16	static
main.c:408:6:sendVoxels	16	static
main.c:453:6:woopWoop	8	static
main.c:480:6:glow	8	static
main.c:525:6:text	24	static
main.c:555:6:lit	16	static
main.c:567:6:cubeJump	8	static
main.c:617:6:setVoxel	16	static
main.c:621:6:clearVoxel	16	static
main.c:625:9:getVoxel	16	static
main.c:629:6:setPlane	24	static
main.c:643:6:shift	32	static
main.c:706:6:drawCube	32	static
main.c:723:6:lightCube	16	static
main.c:731:6:clearCube	16	static
main.c:745:6:Error_Handler	4	static
