Archive member included to satisfy reference by file (symbol)

/opt/st/stm32cubeide_1.4.0/plugins/com.st.stm32cube.ide.mcu.externaltools.gnu-tools-for-stm32.7-2018-q2-update.linux64_1.4.0.202007081208/tools/bin/../lib/gcc/arm-none-eabi/7.3.1/../../../../arm-none-eabi/lib/thumb/v7-m/libc_nano.a(lib_a-errno.o)
                              Core/Src/syscalls.o (__errno)
/opt/st/stm32cubeide_1.4.0/plugins/com.st.stm32cube.ide.mcu.externaltools.gnu-tools-for-stm32.7-2018-q2-update.linux64_1.4.0.202007081208/tools/bin/../lib/gcc/arm-none-eabi/7.3.1/../../../../arm-none-eabi/lib/thumb/v7-m/libc_nano.a(lib_a-exit.o)
                              /opt/st/stm32cubeide_1.4.0/plugins/com.st.stm32cube.ide.mcu.externaltools.gnu-tools-for-stm32.7-2018-q2-update.linux64_1.4.0.202007081208/tools/bin/../lib/gcc/arm-none-eabi/7.3.1/../../../../arm-none-eabi/lib/thumb/v7-m/crt0.o (exit)
/opt/st/stm32cubeide_1.4.0/plugins/com.st.stm32cube.ide.mcu.externaltools.gnu-tools-for-stm32.7-2018-q2-update.linux64_1.4.0.202007081208/tools/bin/../lib/gcc/arm-none-eabi/7.3.1/../../../../arm-none-eabi/lib/thumb/v7-m/libc_nano.a(lib_a-impure.o)
                              /opt/st/stm32cubeide_1.4.0/plugins/com.st.stm32cube.ide.mcu.externaltools.gnu-tools-for-stm32.7-2018-q2-update.linux64_1.4.0.202007081208/tools/bin/../lib/gcc/arm-none-eabi/7.3.1/../../../../arm-none-eabi/lib/thumb/v7-m/libc_nano.a(lib_a-exit.o) (_global_impure_ptr)
/opt/st/stm32cubeide_1.4.0/plugins/com.st.stm32cube.ide.mcu.externaltools.gnu-tools-for-stm32.7-2018-q2-update.linux64_1.4.0.202007081208/tools/bin/../lib/gcc/arm-none-eabi/7.3.1/../../../../arm-none-eabi/lib/thumb/v7-m/libc_nano.a(lib_a-init.o)
                              /opt/st/stm32cubeide_1.4.0/plugins/com.st.stm32cube.ide.mcu.externaltools.gnu-tools-for-stm32.7-2018-q2-update.linux64_1.4.0.202007081208/tools/bin/../lib/gcc/arm-none-eabi/7.3.1/../../../../arm-none-eabi/lib/thumb/v7-m/crt0.o (__libc_init_array)
/opt/st/stm32cubeide_1.4.0/plugins/com.st.stm32cube.ide.mcu.externaltools.gnu-tools-for-stm32.7-2018-q2-update.linux64_1.4.0.202007081208/tools/bin/../lib/gcc/arm-none-eabi/7.3.1/../../../../arm-none-eabi/lib/thumb/v7-m/libc_nano.a(lib_a-malloc.o)
                              Core/Src/blockOut.o (malloc)
/opt/st/stm32cubeide_1.4.0/plugins/com.st.stm32cube.ide.mcu.externaltools.gnu-tools-for-stm32.7-2018-q2-update.linux64_1.4.0.202007081208/tools/bin/../lib/gcc/arm-none-eabi/7.3.1/../../../../arm-none-eabi/lib/thumb/v7-m/libc_nano.a(lib_a-memset.o)
                              /opt/st/stm32cubeide_1.4.0/plugins/com.st.stm32cube.ide.mcu.externaltools.gnu-tools-for-stm32.7-2018-q2-update.linux64_1.4.0.202007081208/tools/bin/../lib/gcc/arm-none-eabi/7.3.1/../../../../arm-none-eabi/lib/thumb/v7-m/crt0.o (memset)
/opt/st/stm32cubeide_1.4.0/plugins/com.st.stm32cube.ide.mcu.externaltools.gnu-tools-for-stm32.7-2018-q2-update.linux64_1.4.0.202007081208/tools/bin/../lib/gcc/arm-none-eabi/7.3.1/../../../../arm-none-eabi/lib/thumb/v7-m/libc_nano.a(lib_a-nano-freer.o)
                              /opt/st/stm32cubeide_1.4.0/plugins/com.st.stm32cube.ide.mcu.externaltools.gnu-tools-for-stm32.7-2018-q2-update.linux64_1.4.0.202007081208/tools/bin/../lib/gcc/arm-none-eabi/7.3.1/../../../../arm-none-eabi/lib/thumb/v7-m/libc_nano.a(lib_a-malloc.o) (_free_r)
/opt/st/stm32cubeide_1.4.0/plugins/com.st.stm32cube.ide.mcu.externaltools.gnu-tools-for-stm32.7-2018-q2-update.linux64_1.4.0.202007081208/tools/bin/../lib/gcc/arm-none-eabi/7.3.1/../../../../arm-none-eabi/lib/thumb/v7-m/libc_nano.a(lib_a-nano-mallocr.o)
                              /opt/st/stm32cubeide_1.4.0/plugins/com.st.stm32cube.ide.mcu.externaltools.gnu-tools-for-stm32.7-2018-q2-update.linux64_1.4.0.202007081208/tools/bin/../lib/gcc/arm-none-eabi/7.3.1/../../../../arm-none-eabi/lib/thumb/v7-m/libc_nano.a(lib_a-malloc.o) (_malloc_r)
/opt/st/stm32cubeide_1.4.0/plugins/com.st.stm32cube.ide.mcu.externaltools.gnu-tools-for-stm32.7-2018-q2-update.linux64_1.4.0.202007081208/tools/bin/../lib/gcc/arm-none-eabi/7.3.1/../../../../arm-none-eabi/lib/thumb/v7-m/libc_nano.a(lib_a-rand.o)
                              Core/Src/blockOut.o (srand)
/opt/st/stm32cubeide_1.4.0/plugins/com.st.stm32cube.ide.mcu.externaltools.gnu-tools-for-stm32.7-2018-q2-update.linux64_1.4.0.202007081208/tools/bin/../lib/gcc/arm-none-eabi/7.3.1/../../../../arm-none-eabi/lib/thumb/v7-m/libc_nano.a(lib_a-sbrkr.o)
                              /opt/st/stm32cubeide_1.4.0/plugins/com.st.stm32cube.ide.mcu.externaltools.gnu-tools-for-stm32.7-2018-q2-update.linux64_1.4.0.202007081208/tools/bin/../lib/gcc/arm-none-eabi/7.3.1/../../../../arm-none-eabi/lib/thumb/v7-m/libc_nano.a(lib_a-nano-mallocr.o) (_sbrk_r)
/opt/st/stm32cubeide_1.4.0/plugins/com.st.stm32cube.ide.mcu.externaltools.gnu-tools-for-stm32.7-2018-q2-update.linux64_1.4.0.202007081208/tools/bin/../lib/gcc/arm-none-eabi/7.3.1/../../../../arm-none-eabi/lib/thumb/v7-m/libc_nano.a(lib_a-strlen.o)
[...]
Memory Configuration

Name             Origin             Length             Attributes
RAM              0x0000000020000000 0x0000000000005000 xrw
FLASH            0x0000000008000000 0x0000000000010000 xr
*default*        0x0000000000000000 0xffffffffffffffff

Linker script and memory map

LOAD /opt/st/stm32cubeide_1.4.0/plugins/com.st.stm32cube.ide.mcu.externaltools.gnu-tools-for-stm32.7-2018-q2-update.linux64_1.4.0.202007081208/tools/bin/../lib/gcc/arm-none-eabi/7.3.1/thumb/v7-m/crti.o
LOAD /opt/st/stm32cubeide_1.4.0/plugins/com.st.stm32cube.ide.mcu.externaltools.gnu-tools-for-stm32.7-2018-q2-update.linux64_1.4.0.202007081208/tools/bin/../lib/gcc/arm-none-eabi/7.3.1/thumb/v7-m/crtbegin.o
LOAD /opt/st/stm32cubeide_1.4.0/plugins/com.st.stm32cube.ide.mcu.externaltools.gnu-tools-for-stm32.7-2018-q2-update.linux64_1.4.0.202007081208/tools/bin/../lib/gcc/arm-none-eabi/7.3.1/../../../../arm-none-eabi/lib/thumb/v7-m/crt0.o
LOAD Core/Src/74_HC595_SPI_lfs.o
LOAD Core/Src/adc.o
LOAD Core/Src/blockOut.o
LOAD Core/Src/botones_lfs.o
LOAD Core/Src/display_cubo.o
LOAD Core/Src/fonts.o
LOAD Core/Src/gpio.o
LOAD Core/Src/i2c.o
LOAD Core/Src/main.o
LOAD Core/Src/menu_cubo.o
LOAD Core/Src/spi.o
LOAD Core/Src/ssd1306.o
LOAD Core/Src/stm32f1xx_hal_msp.o
LOAD Core/Src/stm32f1xx_it.o
LOAD Core/Src/syscalls.o
LOAD Core/Src/sysmem.o
LOAD Core/Src/system_stm32f1xx.o
LOAD Core/Src/tim.o
LOAD Core/Src/usart.o
LOAD Core/Startup/startup_stm32f103c8tx.o
LOAD Drivers/STM32F1xx_HAL_Driver/Src/stm32f1xx_hal.o
LOAD Drivers/STM32F1xx_HAL_Driver/Src/stm32f1xx_hal_adc.o
LOAD Drivers/STM32F1xx_HAL_Driver/Src/stm32f1xx_hal_adc_ex.o
LOAD Drivers/STM32F1xx_HAL_Driver/Src/stm32f1xx_hal_cortex.o
LOAD Drivers/STM32F1xx_HAL_Driver/Src/stm32f1xx_hal_dma.o
LOAD Drivers/STM32F1xx_HAL_Driver/Src/stm32f1xx_hal_exti.o
LOAD Drivers/STM32F1xx_HAL_Driver/Src/stm32f1xx_hal_flash.o
LOAD Drivers/STM32F1xx_HAL_Driver/Src/stm32f1xx_hal_flash_ex.o
LOAD Drivers/STM32F1xx_HAL_Driver/Src/stm32f1xx_hal_gpio.o
LOAD Drivers/STM32F1xx_HAL_Driver/Src/stm32f1xx_hal_gpio_ex.o
LOAD Drivers/STM32F1xx_HAL_Driver/Src/stm32f1xx_hal_i2c.o
LOAD Drivers/STM32F1xx_HAL_Driver/Src/stm32f1xx_hal_pwr.o
LOAD Drivers/STM32F1xx_HAL_Driver/Src/stm32f1xx_hal_rcc.o
LOAD Drivers/STM32F1xx_HAL_Driver/Src/stm32f1xx_hal_rcc_ex.o
LOAD Drivers/STM32F1xx_HAL_Driver/Src/stm32f1xx_hal_spi.o
LOAD Drivers/STM32F1xx_HAL_Driver/Src/stm32f1xx_hal_tim.o
LOAD Drivers/STM32F1xx_HAL_Driver/Src/stm32f1xx_hal_tim_ex.o
LOAD Drivers/STM32F1xx_HAL_Driver/Src/stm32f1xx_hal_uart.o
START GROUP
LOAD /opt/st/stm32cubeide_1.4.0/plugins/com.st.stm32cube.ide.mcu.externaltools.gnu-tools-for-stm32.7-2018-q2-update.linux64_1.4.0.202007081208/tools/bin/../lib/gcc/arm-none-eabi/7.3.1/../../../../arm-none-eabi/lib/thumb/v7-m/libc_nano.a
LOAD /opt/st/stm32cubeide_1.4.0/plugins/com.st.stm32cube.ide.mcu.externaltools.gnu-tools-for-stm32.7-2018-q2-update.linux64_1.4.0.202007081208/tools/bin/../lib/gcc/arm-none-eabi/7.3.1/../../../../arm-none-eabi/lib/thumb/v7-m/libm.a
END GROUP
START GROUP
LOAD /opt/st/stm32cubeide_1.4.0/plugins/com.st.stm32cube.ide.mcu.externaltools.gnu-tools-for-stm32.7-2018-q2-update.linux64_1.4.0.202007081208/tools/bin/../lib/gcc/arm-none-eabi/7.3.1/thumb/v7-m/libgcc.a
LOAD /opt/st/stm32cubeide_1.4.0/plugins/com.st.stm32cube.ide.mcu.externaltools.gnu-tools-for-stm32.7-2018-q2-update.linux64_1.4.0.202007081208/tools/bin/../lib/gcc/arm-none-eabi/7.3.1/../../../../arm-none-eabi/lib/thumb/v7-m/libc_nano.a
END GROUP
START GROUP
LOAD /opt/st/stm32cubeide_1.4.0/plugins/com.st.stm32cube.ide.mcu.externaltools.gnu-tools-for-stm32.7-2018-q2-update.linux64_1.4.0.202007081208/tools/bin/../lib/gcc/arm-none-eabi/7.3.1/thumb/v7-m/libgcc.a
LOAD /opt/st/stm32cubeide_1.4.0/plugins/com.st.stm32cube.ide.mcu.externaltools.gnu-tools-for-stm32.7-2018-q2-update.linux64_1.4.0.202007081208/tools/bin/../lib/gcc/arm-none-eabi/7.3.1/../../../../arm-none-eabi/lib/thumb/v7-m/libc_nano.a
LOAD /opt/st/stm32cubeide_1.4.0/plugins/com.st.stm32cube.ide.mcu.externaltools.gnu-tools-for-stm32.7-2018-q2-update.linux64_1.4.0.202007081208/tools/bin/../lib/gcc/arm-none-eabi/7.3.1/../../../../arm-none-eabi/lib/thumb/v7-m/libnosys.a
END GROUP
START GROUP
LOAD /opt/st/stm32cubeide_1.4.0/plugins/com.st.stm32cube.ide.mcu.externaltools.gnu-tools-for-stm32.7-2018-q2-update.linux64_1.4.0.202007081208/tools/bin/../lib/gcc/arm-none-eabi/7.3.1/thumb/v7-m/libgcc.a
LOAD /opt/st/stm32cubeide_1.4.0/plugins/com.st.stm32cube.ide.mcu.externaltools.gnu-tools-for-stm32.7-2018-q2-update.linux64_1.4.0.202007081208/tools/bin/../lib/gcc/arm-none-eabi/7.3.1/../../../../arm-none-eabi/lib/thumb/v7-m/libc_nano.a
LOAD /opt/st/stm32cubeide_1.4.0/plugins/com.st.stm32cube.ide.mcu.externaltools.gnu-tools-for-stm32.7-2018-q2-update.linux64_1.4.0.202007081208/tools/bin/../lib/gcc/arm-none-eabi/7.3.1/../../../../arm-none-eabi/lib/thumb/v7-m/libnosys.a
END GROUP
LOAD /opt/st/stm32cubeide_1.4.0/plugins/com.st.stm32cube.ide.mcu.externaltools.gnu-tools-for-stm32.7-2018-q2-update.linux64_1.4.0.202007081208/tools/bin/../lib/gcc/arm-none-eabi/7.3.1/thumb/v7-m/crtend.o
LOAD /opt/st/stm32cubeide_1.4.0/plugins/com.st.stm32cube.ide.mcu.externaltools.gnu-tools-for-stm32.7-2018-q2-update.linux64_1.4.0.202007081208/tools/bin/../lib/gcc/arm-none-eabi/7.3.1/thumb/v7-m/crtn.o
                0x0000000020005000                _estack = (ORIGIN (RAM) + LENGTH (RAM))
                0x0000000000000200                _Min_Heap_Size = 0x200
                0x0000000000000400                _Min_Stack_Size = 0x400

.isr_vector     0x0000000008000000      0x10c
                0x0000000008000000                . = ALIGN (0x4)
 *(.isr_vector)
 .isr_vector    0x0000000008000000      0x10c Core/Startup/startup_stm32f103c8tx.o
                0x0000000008000000                g_pfnVectors
                0x000000000800010c                . = ALIGN (0x4)

.text           0x000000000800010c     0x8774
                0x000000000800010c                . = ALIGN (0x4)
 *(.text)
 .text          0x000000000800010c       0x40 /opt/st/stm32cubeide_1.4.0/plugins/com.st.stm32cube.ide.mcu.externaltools.gnu-tools-for-stm32.7-2018-q2-update.linux64_1.4.0.202007081208/tools/bin/../lib/gcc/arm-none-eabi/7.3.1/thumb/v7-m/crtbegin.o
 *(.text*)
 .text.spi_74HC595_init
                0x000000000800014c       0x44 Core/Src/74_HC595_SPI_lfs.o
                0x000000000800014c                spi_74HC595_init
 .text.spi_74HC595_Transmit
                0x0000000008000190       0x50 Core/Src/74_HC595_SPI_lfs.o
                0x0000000008000190                spi_74HC595_Transmit
 .text.MX_ADC1_Init
                0x00000000080001e0       0x7c Core/Src/adc.o
                0x00000000080001e0                MX_ADC1_Init
 .text.HAL_ADC_MspInit
                0x000000000800025c       0x78 Core/Src/adc.o
                0x000000000800025c                HAL_ADC_MspInit
 .text.runBlockOut
                0x00000000080002d4     0x25ec Core/Src/blockOut.o
                0x00000000080002d4                runBlockOut
 .text.lecturaTeclas
                0x00000000080028c0       0x58 Core/Src/botones_lfs.o
                0x00000000080028c0                lecturaTeclas
 .text.update_teclas
                0x0000000008002918       0x34 Core/Src/botones_lfs.o
                0x0000000008002918                update_teclas
 .text.getStatBoton
                0x000000000800294c       0x48 Core/Src/botones_lfs.o
                0x000000000800294c                getStatBoton
 .text.MX_GPIO_Init
                0x0000000008002994      0x11c Core/Src/gpio.o
                0x0000000008002994                MX_GPIO_Init
 .text.MX_I2C1_Init
                0x0000000008002ab0       0x5c Core/Src/i2c.o
                0x0000000008002ab0                MX_I2C1_Init
 .text.HAL_I2C_MspInit
                0x0000000008002b0c       0x7c Core/Src/i2c.o
                0x0000000008002b0c                HAL_I2C_MspInit
 .text.main     0x0000000008002b88      0x92c Core/Src/main.o
                0x0000000008002b88                main
 .text.SystemClock_Config
                0x00000000080034b4       0xb6 Core/Src/main.o
                0x00000000080034b4                SystemClock_Config
 *fill*         0x000000000800356a        0x2 
 .text.renderCube
                0x000000000800356c       0x7c Core/Src/main.o
                0x000000000800356c                renderCube
 .text.rain     0x00000000080035e8       0xbc Core/Src/main.o
                0x00000000080035e8                rain
 .text.planeBoing
                0x00000000080036a4      0x18c Core/Src/main.o
                0x00000000080036a4                planeBoing
 .text.sendVoxels
                0x0000000008003830      0x1c0 Core/Src/main.o
                0x0000000008003830                sendVoxels
 .text.woopWoop
                0x00000000080039f0       0xcc Core/Src/main.o
                0x00000000080039f0                woopWoop
 .text.glow     0x0000000008003abc      0x1c8 Core/Src/main.o
                0x0000000008003abc                glow
 .text.text     0x0000000008003c84      0x35c Core/Src/main.o
                0x0000000008003c84                text
 .text.fireWork
                0x0000000008003fe0      0x734 Core/Src/main.o
                0x0000000008003fe0                fireWork
 .text.lit      0x0000000008004714       0x5c Core/Src/main.o
                0x0000000008004714                lit
 .text.cubeJump
                0x0000000008004770      0x370 Core/Src/main.o
                0x0000000008004770                cubeJump
 .text.setVoxel
                0x0000000008004ae0       0x60 Core/Src/main.o
                0x0000000008004ae0                setVoxel
 .text.clearVoxel
                0x0000000008004b40       0x60 Core/Src/main.o
                0x0000000008004b40                clearVoxel
 .text.getVoxel
                0x0000000008004ba0       0x58 Core/Src/main.o
                0x0000000008004ba0                getVoxel
 .text.setPlane
                0x0000000008004bf8       0x76 Core/Src/main.o
                0x0000000008004bf8                setPlane
 *fill*         0x0000000008004c6e        0x2 
 .text.shift    0x0000000008004c70      0x25c Core/Src/main.o
                0x0000000008004c70                shift
 .text.drawCube
                0x0000000008004ecc      0x18c Core/Src/main.o
                0x0000000008004ecc                drawCube
 .text.lightCube
                0x0000000008005058       0x48 Core/Src/main.o
                0x0000000008005058                lightCube
 .text.clearCube
                0x00000000080050a0       0x48 Core/Src/main.o
                0x00000000080050a0                clearCube
 .text.HAL_TIM_PeriodElapsedCallback
                0x00000000080050e8       0x40 Core/Src/main.o
                0x00000000080050e8                HAL_TIM_PeriodElapsedCallback
 .text.HAL_UART_RxCpltCallback
                0x0000000008005128       0x1c Core/Src/main.o
                0x0000000008005128                HAL_UART_RxCpltCallback
 .text.Error_Handler
                0x0000000008005144        0xc Core/Src/main.o
                0x0000000008005144                Error_Handler
 .text.MX_SPI1_Init
                0x0000000008005150       0x70 Core/Src/spi.o
                0x0000000008005150                MX_SPI1_Init
 .text.HAL_SPI_MspInit
                0x00000000080051c0       0x7c Core/Src/spi.o
                0x00000000080051c0                HAL_SPI_MspInit
 .text.HAL_MspInit
                0x000000000800523c       0x64 Core/Src/stm32f1xx_hal_msp.o
                0x000000000800523c                HAL_MspInit
 .text.NMI_Handler
                0x00000000080052a0        0xc Core/Src/stm32f1xx_it.o
                0x00000000080052a0                NMI_Handler
 .text.HardFault_Handler
                0x00000000080052ac       0x18 Core/Src/stm32f1xx_it.o
                0x00000000080052ac                HardFault_Handler
 .text.MemManage_Handler
                0x00000000080052c4        0x6 Core/Src/stm32f1xx_it.o
                0x00000000080052c4                MemManage_Handler
 .text.BusFault_Handler
                0x00000000080052ca        0x6 Core/Src/stm32f1xx_it.o
                0x00000000080052ca                BusFault_Handler
 .text.UsageFault_Handler
                0x00000000080052d0        0x6 Core/Src/stm32f1xx_it.o
                0x00000000080052d0                UsageFault_Handler
 .text.SVC_Handler
                0x00000000080052d6        0xc Core/Src/stm32f1xx_it.o
                0x00000000080052d6                SVC_Handler
 .text.DebugMon_Handler
                0x00000000080052e2        0xc Core/Src/stm32f1xx_it.o
                0x00000000080052e2                DebugMon_Handler
 .text.PendSV_Handler
                0x00000000080052ee        0xc Core/Src/stm32f1xx_it.o
                0x00000000080052ee                PendSV_Handler
 .text.SysTick_Handler
                0x00000000080052fa        0xc Core/Src/stm32f1xx_it.o
                0x00000000080052fa                SysTick_Handler
 *fill*         0x0000000008005306        0x2 
 .text.TIM2_IRQHandler
                0x0000000008005308       0x14 Core/Src/stm32f1xx_it.o
                0x0000000008005308                TIM2_IRQHandler
 .text.TIM3_IRQHandler
                0x000000000800531c       0x14 Core/Src/stm32f1xx_it.o
                0x000000000800531c                TIM3_IRQHandler
 .text.USART1_IRQHandler
                0x0000000008005330       0x14 Core/Src/stm32f1xx_it.o
                0x0000000008005330                USART1_IRQHandler
 .text._sbrk    0x0000000008005344       0x6c Core/Src/sysmem.o
                0x0000000008005344                _sbrk
 .text.SystemInit
                0x00000000080053b0        0xc Core/Src/system_stm32f1xx.o
                0x00000000080053b0                SystemInit
 .text.MX_TIM2_Init
                0x00000000080053bc       0x98 Core/Src/tim.o
                0x00000000080053bc                MX_TIM2_Init
 .text.MX_TIM3_Init
                0x0000000008005454       0x9c Core/Src/tim.o
                0x0000000008005454                MX_TIM3_Init
 .text.HAL_TIM_Base_MspInit
                0x00000000080054f0       0x80 Core/Src/tim.o
                0x00000000080054f0                HAL_TIM_Base_MspInit
 .text.MX_USART1_UART_Init
                0x0000000008005570       0x54 Core/Src/usart.o
                0x0000000008005570                MX_USART1_UART_Init
 .text.HAL_UART_MspInit
                0x00000000080055c4       0xa8 Core/Src/usart.o
                0x00000000080055c4                HAL_UART_MspInit
 .text.Reset_Handler
                0x000000000800566c       0x48 Core/Startup/startup_stm32f103c8tx.o
                0x000000000800566c                Reset_Handler
 .text.Default_Handler
                0x00000000080056b4        0x2 Core/Startup/startup_stm32f103c8tx.o
                0x00000000080056b4                RTC_Alarm_IRQHandler
                0x00000000080056b4                EXTI2_IRQHandler
                0x00000000080056b4                TIM1_CC_IRQHandler
                0x00000000080056b4                PVD_IRQHandler
                0x00000000080056b4                EXTI3_IRQHandler
                0x00000000080056b4                EXTI0_IRQHandler
                0x00000000080056b4                I2C2_EV_IRQHandler
                0x00000000080056b4                ADC1_2_IRQHandler
                0x00000000080056b4                SPI1_IRQHandler
                0x00000000080056b4                TAMPER_IRQHandler
                0x00000000080056b4                DMA1_Channel4_IRQHandler
                0x00000000080056b4                USART3_IRQHandler
                0x00000000080056b4                RTC_IRQHandler
                0x00000000080056b4                DMA1_Channel7_IRQHandler
                0x00000000080056b4                CAN1_RX1_IRQHandler
                0x00000000080056b4                TIM4_IRQHandler
                0x00000000080056b4                I2C1_EV_IRQHandler
                0x00000000080056b4                DMA1_Channel6_IRQHandler
                0x00000000080056b4                RCC_IRQHandler
                0x00000000080056b4                TIM1_TRG_COM_IRQHandler
                0x00000000080056b4                DMA1_Channel1_IRQHandler
                0x00000000080056b4                Default_Handler
                0x00000000080056b4                EXTI15_10_IRQHandler
                0x00000000080056b4                EXTI9_5_IRQHandler
                0x00000000080056b4                SPI2_IRQHandler
                0x00000000080056b4                DMA1_Channel5_IRQHandler
                0x00000000080056b4                EXTI4_IRQHandler
                0x00000000080056b4                USB_LP_CAN1_RX0_IRQHandler
                0x00000000080056b4                USB_HP_CAN1_TX_IRQHandler
                0x00000000080056b4                DMA1_Channel3_IRQHandler
                0x00000000080056b4                TIM1_UP_IRQHandler
                0x00000000080056b4                WWDG_IRQHandler
                0x00000000080056b4                TIM1_BRK_IRQHandler
                0x00000000080056b4                EXTI1_IRQHandler
                0x00000000080056b4                USART2_IRQHandler
                0x00000000080056b4                I2C2_ER_IRQHandler
                0x00000000080056b4                DMA1_Channel2_IRQHandler
                0x00000000080056b4                CAN1_SCE_IRQHandler
                0x00000000080056b4                FLASH_IRQHandler
                0x00000000080056b4                I2C1_ER_IRQHandler
                0x00000000080056b4                USBWakeUp_IRQHandler
 *fill*         0x00000000080056b6        0x2 
 .text.HAL_Init
                0x00000000080056b8       0x2c Drivers/STM32F1xx_HAL_Driver/Src/stm32f1xx_hal.o
                0x00000000080056b8                HAL_Init
 .text.HAL_InitTick
                0x00000000080056e4       0x60 Drivers/STM32F1xx_HAL_Driver/Src/stm32f1xx_hal.o
                0x00000000080056e4                HAL_InitTick
 .text.HAL_IncTick
                0x0000000008005744       0x24 Drivers/STM32F1xx_HAL_Driver/Src/stm32f1xx_hal.o
                0x0000000008005744                HAL_IncTick
 .text.HAL_GetTick
                0x0000000008005768       0x14 Drivers/STM32F1xx_HAL_Driver/Src/stm32f1xx_hal.o
                0x0000000008005768                HAL_GetTick
 .text.HAL_Delay
                0x000000000800577c       0x44 Drivers/STM32F1xx_HAL_Driver/Src/stm32f1xx_hal.o
                0x000000000800577c                HAL_Delay
 .text.HAL_ADC_Init
                0x00000000080057c0      0x1b0 Drivers/STM32F1xx_HAL_Driver/Src/stm32f1xx_hal_adc.o
                0x00000000080057c0                HAL_ADC_Init
 .text.HAL_ADC_Start
                0x0000000008005970      0x15c Drivers/STM32F1xx_HAL_Driver/Src/stm32f1xx_hal_adc.o
                0x0000000008005970                HAL_ADC_Start
 .text.HAL_ADC_Stop
                0x0000000008005acc       0x58 Drivers/STM32F1xx_HAL_Driver/Src/stm32f1xx_hal_adc.o
                0x0000000008005acc                HAL_ADC_Stop
 .text.HAL_ADC_GetValue
                0x0000000008005b24       0x18 Drivers/STM32F1xx_HAL_Driver/Src/stm32f1xx_hal_adc.o
                0x0000000008005b24                HAL_ADC_GetValue
 .text.HAL_ADC_ConfigChannel
                0x0000000008005b3c      0x1f0 Drivers/STM32F1xx_HAL_Driver/Src/stm32f1xx_hal_adc.o
                0x0000000008005b3c                HAL_ADC_ConfigChannel
 .text.ADC_Enable
                0x0000000008005d2c       0xb4 Drivers/STM32F1xx_HAL_Driver/Src/stm32f1xx_hal_adc.o
                0x0000000008005d2c                ADC_Enable
 .text.ADC_ConversionStop_Disable
                0x0000000008005de0       0x82 Drivers/STM32F1xx_HAL_Driver/Src/stm32f1xx_hal_adc.o
                0x0000000008005de0                ADC_ConversionStop_Disable
 *fill*         0x0000000008005e62        0x2 
 .text.__NVIC_SetPriorityGrouping
                0x0000000008005e64       0x48 Drivers/STM32F1xx_HAL_Driver/Src/stm32f1xx_hal_cortex.o
 .text.__NVIC_GetPriorityGrouping
                0x0000000008005eac       0x1c Drivers/STM32F1xx_HAL_Driver/Src/stm32f1xx_hal_cortex.o
 .text.__NVIC_EnableIRQ
                0x0000000008005ec8       0x38 Drivers/STM32F1xx_HAL_Driver/Src/stm32f1xx_hal_cortex.o
 .text.__NVIC_SetPriority
                0x0000000008005f00       0x54 Drivers/STM32F1xx_HAL_Driver/Src/stm32f1xx_hal_cortex.o
 .text.NVIC_EncodePriority
                0x0000000008005f54       0x64 Drivers/STM32F1xx_HAL_Driver/Src/stm32f1xx_hal_cortex.o
 .text.SysTick_Config
                0x0000000008005fb8       0x44 Drivers/STM32F1xx_HAL_Driver/Src/stm32f1xx_hal_cortex.o
 .text.HAL_NVIC_SetPriorityGrouping
                0x0000000008005ffc       0x16 Drivers/STM32F1xx_HAL_Driver/Src/stm32f1xx_hal_cortex.o
                0x0000000008005ffc                HAL_NVIC_SetPriorityGrouping
 .text.HAL_NVIC_SetPriority
                0x0000000008006012       0x38 Drivers/STM32F1xx_HAL_Driver/Src/stm32f1xx_hal_cortex.o
                0x0000000008006012                HAL_NVIC_SetPriority
 .text.HAL_NVIC_EnableIRQ
                0x000000000800604a       0x1c Drivers/STM32F1xx_HAL_Driver/Src/stm32f1xx_hal_cortex.o
                0x000000000800604a                HAL_NVIC_EnableIRQ
 .text.HAL_SYSTICK_Config
                0x0000000008006066       0x18 Drivers/STM32F1xx_HAL_Driver/Src/stm32f1xx_hal_cortex.o
                0x0000000008006066                HAL_SYSTICK_Config
 .text.HAL_DMA_Abort
                0x000000000800607e       0x74 Drivers/STM32F1xx_HAL_Driver/Src/stm32f1xx_hal_dma.o
                0x000000000800607e                HAL_DMA_Abort
 *fill*         0x00000000080060f2        0x2 
 .text.HAL_DMA_Abort_IT
                0x00000000080060f4       0xec Drivers/STM32F1xx_HAL_Driver/Src/stm32f1xx_hal_dma.o
                0x00000000080060f4                HAL_DMA_Abort_IT
 .text.HAL_GPIO_Init
                0x00000000080061e0      0x2b4 Drivers/STM32F1xx_HAL_Driver/Src/stm32f1xx_hal_gpio.o
                0x00000000080061e0                HAL_GPIO_Init
 .text.HAL_GPIO_ReadPin
                0x0000000008006494       0x2e Drivers/STM32F1xx_HAL_Driver/Src/stm32f1xx_hal_gpio.o
                0x0000000008006494                HAL_GPIO_ReadPin
 .text.HAL_GPIO_WritePin
                0x00000000080064c2       0x30 Drivers/STM32F1xx_HAL_Driver/Src/stm32f1xx_hal_gpio.o
                0x00000000080064c2                HAL_GPIO_WritePin
 *fill*         0x00000000080064f2        0x2 
 .text.HAL_I2C_Init
                0x00000000080064f4      0x270 Drivers/STM32F1xx_HAL_Driver/Src/stm32f1xx_hal_i2c.o
                0x00000000080064f4                HAL_I2C_Init
 .text.HAL_RCC_OscConfig
                0x0000000008006764      0x500 Drivers/STM32F1xx_HAL_Driver/Src/stm32f1xx_hal_rcc.o
                0x0000000008006764                HAL_RCC_OscConfig
 .text.HAL_RCC_ClockConfig
                0x0000000008006c64      0x1d4 Drivers/STM32F1xx_HAL_Driver/Src/stm32f1xx_hal_rcc.o
                0x0000000008006c64                HAL_RCC_ClockConfig
 .text.HAL_RCC_GetSysClockFreq
                0x0000000008006e38       0xc4 Drivers/STM32F1xx_HAL_Driver/Src/stm32f1xx_hal_rcc.o
                0x0000000008006e38                HAL_RCC_GetSysClockFreq
 .text.HAL_RCC_GetHCLKFreq
                0x0000000008006efc       0x14 Drivers/STM32F1xx_HAL_Driver/Src/stm32f1xx_hal_rcc.o
                0x0000000008006efc                HAL_RCC_GetHCLKFreq
 .text.HAL_RCC_GetPCLK1Freq
                0x0000000008006f10       0x28 Drivers/STM32F1xx_HAL_Driver/Src/stm32f1xx_hal_rcc.o
                0x0000000008006f10                HAL_RCC_GetPCLK1Freq
 .text.HAL_RCC_GetPCLK2Freq
                0x0000000008006f38       0x28 Drivers/STM32F1xx_HAL_Driver/Src/stm32f1xx_hal_rcc.o
                0x0000000008006f38                HAL_RCC_GetPCLK2Freq
 .text.RCC_Delay
                0x0000000008006f60       0x3c Drivers/STM32F1xx_HAL_Driver/Src/stm32f1xx_hal_rcc.o
 .text.HAL_RCCEx_PeriphCLKConfig
                0x0000000008006f9c      0x16c Drivers/STM32F1xx_HAL_Driver/Src/stm32f1xx_hal_rcc_ex.o
                0x0000000008006f9c                HAL_RCCEx_PeriphCLKConfig
 .text.HAL_SPI_Init
                0x0000000008007108      0x108 Drivers/STM32F1xx_HAL_Driver/Src/stm32f1xx_hal_spi.o
                0x0000000008007108                HAL_SPI_Init
 .text.HAL_SPI_Transmit
                0x0000000008007210      0x278 Drivers/STM32F1xx_HAL_Driver/Src/stm32f1xx_hal_spi.o
                0x0000000008007210                HAL_SPI_Transmit
 .text.SPI_WaitFlagStateUntilTimeout
                0x0000000008007488      0x110 Drivers/STM32F1xx_HAL_Driver/Src/stm32f1xx_hal_spi.o
 .text.SPI_EndRxTxTransaction
                0x0000000008007598       0x3c Drivers/STM32F1xx_HAL_Driver/Src/stm32f1xx_hal_spi.o
 .text.HAL_TIM_Base_Init
                0x00000000080075d4       0x9e Drivers/STM32F1xx_HAL_Driver/Src/stm32f1xx_hal_tim.o
                0x00000000080075d4                HAL_TIM_Base_Init
 *fill*         0x0000000008007672        0x2 
 .text.HAL_TIM_Base_Start_IT
                0x0000000008007674       0xa4 Drivers/STM32F1xx_HAL_Driver/Src/stm32f1xx_hal_tim.o
                0x0000000008007674                HAL_TIM_Base_Start_IT
 .text.HAL_TIM_IRQHandler
                0x0000000008007718      0x210 Drivers/STM32F1xx_HAL_Driver/Src/stm32f1xx_hal_tim.o
                0x0000000008007718                HAL_TIM_IRQHandler
 .text.HAL_TIM_ConfigClockSource
                0x0000000008007928      0x16e Drivers/STM32F1xx_HAL_Driver/Src/stm32f1xx_hal_tim.o
                0x0000000008007928                HAL_TIM_ConfigClockSource
 .text.HAL_TIM_OC_DelayElapsedCallback
                0x0000000008007a96       0x12 Drivers/STM32F1xx_HAL_Driver/Src/stm32f1xx_hal_tim.o
                0x0000000008007a96                HAL_TIM_OC_DelayElapsedCallback
 .text.HAL_TIM_IC_CaptureCallback
                0x0000000008007aa8       0x12 Drivers/STM32F1xx_HAL_Driver/Src/stm32f1xx_hal_tim.o
                0x0000000008007aa8                HAL_TIM_IC_CaptureCallback
 .text.HAL_TIM_PWM_PulseFinishedCallback
                0x0000000008007aba       0x12 Drivers/STM32F1xx_HAL_Driver/Src/stm32f1xx_hal_tim.o
                0x0000000008007aba                HAL_TIM_PWM_PulseFinishedCallback
 .text.HAL_TIM_TriggerCallback
                0x0000000008007acc       0x12 Drivers/STM32F1xx_HAL_Driver/Src/stm32f1xx_hal_tim.o
                0x0000000008007acc                HAL_TIM_TriggerCallback
 *fill*         0x0000000008007ade        0x2 
 .text.TIM_Base_SetConfig
                0x0000000008007ae0       0xc4 Drivers/STM32F1xx_HAL_Driver/Src/stm32f1xx_hal_tim.o
                0x0000000008007ae0                TIM_Base_SetConfig
 .text.TIM_TI1_ConfigInputStage
                0x0000000008007ba4       0x5c Drivers/STM32F1xx_HAL_Driver/Src/stm32f1xx_hal_tim.o
 .text.TIM_TI2_ConfigInputStage
                0x0000000008007c00       0x5e Drivers/STM32F1xx_HAL_Driver/Src/stm32f1xx_hal_tim.o
 .text.TIM_ITRx_SetConfig
                0x0000000008007c5e       0x34 Drivers/STM32F1xx_HAL_Driver/Src/stm32f1xx_hal_tim.o
 .text.TIM_ETR_SetConfig
                0x0000000008007c92       0x3e Drivers/STM32F1xx_HAL_Driver/Src/stm32f1xx_hal_tim.o
                0x0000000008007c92                TIM_ETR_SetConfig
 .text.HAL_TIMEx_MasterConfigSynchronization
                0x0000000008007cd0       0xbc Drivers/STM32F1xx_HAL_Driver/Src/stm32f1xx_hal_tim_ex.o
                0x0000000008007cd0                HAL_TIMEx_MasterConfigSynchronization
 .text.HAL_TIMEx_CommutCallback
                0x0000000008007d8c       0x12 Drivers/STM32F1xx_HAL_Driver/Src/stm32f1xx_hal_tim_ex.o
                0x0000000008007d8c                HAL_TIMEx_CommutCallback
 .text.HAL_TIMEx_BreakCallback
                0x0000000008007d9e       0x12 Drivers/STM32F1xx_HAL_Driver/Src/stm32f1xx_hal_tim_ex.o
                0x0000000008007d9e                HAL_TIMEx_BreakCallback
 .text.HAL_UART_Init
                0x0000000008007db0       0x9a Drivers/STM32F1xx_HAL_Driver/Src/stm32f1xx_hal_uart.o
                0x0000000008007db0                HAL_UART_Init
 .text.HAL_UART_Receive_IT
                0x0000000008007e4a       0x60 Drivers/STM32F1xx_HAL_Driver/Src/stm32f1xx_hal_uart.o
                0x0000000008007e4a                HAL_UART_Receive_IT
 *fill*         0x0000000008007eaa        0x2 
 .text.HAL_UART_IRQHandler
                0x0000000008007eac      0x358 Drivers/STM32F1xx_HAL_Driver/Src/stm32f1xx_hal_uart.o
                0x0000000008007eac                HAL_UART_IRQHandler
 .text.HAL_UART_TxCpltCallback
                0x0000000008008204       0x12 Drivers/STM32F1xx_HAL_Driver/Src/stm32f1xx_hal_uart.o
                0x0000000008008204                HAL_UART_TxCpltCallback
 .text.HAL_UART_ErrorCallback
                0x0000000008008216       0x12 Drivers/STM32F1xx_HAL_Driver/Src/stm32f1xx_hal_uart.o
                0x0000000008008216                HAL_UART_ErrorCallback
 .text.HAL_UARTEx_RxEventCallback
                0x0000000008008228       0x16 Drivers/STM32F1xx_HAL_Driver/Src/stm32f1xx_hal_uart.o
                0x0000000008008228                HAL_UARTEx_RxEventCallback
 .text.UART_Start_Receive_IT
                0x000000000800823e       0x72 Drivers/STM32F1xx_HAL_Driver/Src/stm32f1xx_hal_uart.o
                0x000000000800823e                UART_Start_Receive_IT
 .text.UART_EndRxTransfer
                0x00000000080082b0       0x58 Drivers/STM32F1xx_HAL_Driver/Src/stm32f1xx_hal_uart.o
 .text.UART_DMAAbortOnError
                0x0000000008008308       0x28 Drivers/STM32F1xx_HAL_Driver/Src/stm32f1xx_hal_uart.o
 .text.UART_Transmit_IT
                0x0000000008008330       0x9e Drivers/STM32F1xx_HAL_Driver/Src/stm32f1xx_hal_uart.o
 .text.UART_EndTransmit_IT
                0x00000000080083ce       0x30 Drivers/STM32F1xx_HAL_Driver/Src/stm32f1xx_hal_uart.o
 .text.UART_Receive_IT
                0x00000000080083fe      0x152 Drivers/STM32F1xx_HAL_Driver/Src/stm32f1xx_hal_uart.o
 .text.UART_SetConfig
                0x0000000008008550      0x11c Drivers/STM32F1xx_HAL_Driver/Src/stm32f1xx_hal_uart.o
 .text.__errno  0x000000000800866c        0xc /opt/st/stm32cubeide_1.4.0/plugins/com.st.stm32cube.ide.mcu.externaltools.gnu-tools-for-stm32.7-2018-q2-update.linux64_1.4.0.202007081208/tools/bin/../lib/gcc/arm-none-eabi/7.3.1/../../../../arm-none-eabi/lib/thumb/v7-m/libc_nano.a(lib_a-errno.o)
                0x000000000800866c                __errno
 .text.__libc_init_array
                0x0000000008008678       0x48 /opt/st/stm32cubeide_1.4.0/plugins/com.st.stm32cube.ide.mcu.externaltools.gnu-tools-for-stm32.7-2018-q2-update.linux64_1.4.0.202007081208/tools/bin/../lib/gcc/arm-none-eabi/7.3.1/../../../../arm-none-eabi/lib/thumb/v7-m/libc_nano.a(lib_a-init.o)
                0x0000000008008678                __libc_init_array
 .text.malloc   0x00000000080086c0       0x10 /opt/st/stm32cubeide_1.4.0/plugins/com.st.stm32cube.ide.mcu.externaltools.gnu-tools-for-stm32.7-2018-q2-update.linux64_1.4.0.202007081208/tools/bin/../lib/gcc/arm-none-eabi/7.3.1/../../../../arm-none-eabi/lib/thumb/v7-m/libc_nano.a(lib_a-malloc.o)
                0x00000000080086c0                malloc
 .text.memset   0x00000000080086d0       0x10 /opt/st/stm32cubeide_1.4.0/plugins/com.st.stm32cube.ide.mcu.externaltools.gnu-tools-for-stm32.7-2018-q2-update.linux64_1.4.0.202007081208/tools/bin/../lib/gcc/arm-none-eabi/7.3.1/../../../../arm-none-eabi/lib/thumb/v7-m/libc_nano.a(lib_a-memset.o)
                0x00000000080086d0                memset
 .text._malloc_r
                0x00000000080086e0       0xb4 /opt/st/stm32cubeide_1.4.0/plugins/com.st.stm32cube.ide.mcu.externaltools.gnu-tools-for-stm32.7-2018-q2-update.linux64_1.4.0.202007081208/tools/bin/../lib/gcc/arm-none-eabi/7.3.1/../../../../arm-none-eabi/lib/thumb/v7-m/libc_nano.a(lib_a-nano-mallocr.o)
                0x00000000080086e0                _malloc_r
 .text.srand    0x0000000008008794       0x48 /opt/st/stm32cubeide_1.4.0/plugins/com.st.stm32cube.ide.mcu.externaltools.gnu-tools-for-stm32.7-2018-q2-update.linux64_1.4.0.202007081208/tools/bin/../lib/gcc/arm-none-eabi/7.3.1/../../../../arm-none-eabi/lib/thumb/v7-m/libc_nano.a(lib_a-rand.o)
                0x0000000008008794                srand
 .text.rand     0x00000000080087dc       0x68 /opt/st/stm32cubeide_1.4.0/plugins/com.st.stm32cube.ide.mcu.externaltools.gnu-tools-for-stm32.7-2018-q2-update.linux64_1.4.0.202007081208/tools/bin/../lib/gcc/arm-none-eabi/7.3.1/../../../../arm-none-eabi/lib/thumb/v7-m/libc_nano.a(lib_a-rand.o)
                0x00000000080087dc                rand
 .text._sbrk_r  0x0000000008008844       0x20 /opt/st/stm32cubeide_1.4.0/plugins/com.st.stm32cube.ide.mcu.externaltools.gnu-tools-for-stm32.7-2018-q2-update.linux64_1.4.0.202007081208/tools/bin/../lib/gcc/arm-none-eabi/7.3.1/../../../../arm-none-eabi/lib/thumb/v7-m/libc_nano.a(lib_a-sbrkr.o)
                0x0000000008008844                _sbrk_r
 .text.__malloc_lock
                0x0000000008008864        0x2 /opt/st/stm32cubeide_1.4.0/plugins/com.st.stm32cube.ide.mcu.externaltools.gnu-tools-for-stm32.7-2018-q2-update.linux64_1.4.0.202007081208/tools/bin/../lib/gcc/arm-none-eabi/7.3.1/../../../../arm-none-eabi/lib/thumb/v7-m/libc_nano.a(lib_a-mlock.o)
                0x0000000008008864                __malloc_lock
 .text.__malloc_unlock
                0x0000000008008866        0x2 /opt/st/stm32cubeide_1.4.0/plugins/com.st.stm32cube.ide.mcu.externaltools.gnu-tools-for-stm32.7-2018-q2-update.linux64_1.4.0.202007081208/tools/bin/../lib/gcc/arm-none-eabi/7.3.1/../../../../arm-none-eabi/lib/thumb/v7-m/libc_nano.a(lib_a-mlock.o)
                0x0000000008008866                __malloc_unlock
 *(.glue_7)
 .glue_7        0x0000000008008868        0x0 linker stubs
 *(.glue_7t)
 .glue_7t       0x0000000008008868        0x0 linker stubs
 *(.eh_frame)
 .eh_frame      0x0000000008008868        0x0 /opt/st/stm32cubeide_1.4.0/plugins/com.st.stm32cube.ide.mcu.externaltools.gnu-tools-for-stm32.7-2018-q2-update.linux64_1.4.0.202007081208/tools/bin/../lib/gcc/arm-none-eabi/7.3.1/thumb/v7-m/crtbegin.o
 *(.init)
 .init          0x0000000008008868        0x4 /opt/st/stm32cubeide_1.4.0/plugins/com.st.stm32cube.ide.mcu.externaltools.gnu-tools-for-stm32.7-2018-q2-update.linux64_1.4.0.202007081208/tools/bin/../lib/gcc/arm-none-eabi/7.3.1/thumb/v7-m/crti.o
                0x0000000008008868                _init
 .init          0x000000000800886c        0x8 /opt/st/stm32cubeide_1.4.0/plugins/com.st.stm32cube.ide.mcu.externaltools.gnu-tools-for-stm32.7-2018-q2-update.linux64_1.4.0.202007081208/tools/bin/../lib/gcc/arm-none-eabi/7.3.1/thumb/v7-m/crtn.o
 *(.fini)
 .fini          0x0000000008008874        0x4 /opt/st/stm32cubeide_1.4.0/plugins/com.st.stm32cube.ide.mcu.externaltools.gnu-tools-for-stm32.7-2018-q2-update.linux64_1.4.0.202007081208/tools/bin/../lib/gcc/arm-none-eabi/7.3.1/thumb/v7-m/crti.o
                0x0000000008008874                _fini
 .fini          0x0000000008008878        0x8 /opt/st/stm32cubeide_1.4.0/plugins/com.st.stm32cube.ide.mcu.externaltools.gnu-tools-for-stm32.7-2018-q2-update.linux64_1.4.0.202007081208/tools/bin/../lib/gcc/arm-none-eabi/7.3.1/thumb/v7-m/crtn.o
                0x0000000008008880                . = ALIGN (0x4)
                0x0000000008008880                _etext = .

.vfp11_veneer   0x0000000008008880        0x0
 .vfp11_veneer  0x0000000008008880        0x0 linker stubs

.v4_bx          0x0000000008008880        0x0
 .v4_bx         0x0000000008008880        0x0 linker stubs

.iplt           0x0000000008008880        0x0
 .iplt          0x0000000008008880        0x0 /opt/st/stm32cubeide_1.4.0/plugins/com.st.stm32cube.ide.mcu.externaltools.gnu-tools-for-stm32.7-2018-q2-update.linux64_1.4.0.202007081208/tools/bin/../lib/gcc/arm-none-eabi/7.3.1/thumb/v7-m/crtbegin.o

.rodata         0x0000000008008880       0x34
                0x0000000008008880                . = ALIGN (0x4)
 *(.rodata)
 .rodata        0x0000000008008880        0x5 Core/Src/main.o
 *fill*         0x0000000008008885        0x3 
 .rodata        0x0000000008008888       0x12 Drivers/STM32F1xx_HAL_Driver/Src/stm32f1xx_hal_rcc.o
 *(.rodata*)
 *fill*         0x000000000800889a        0x2 
 .rodata.AHBPrescTable
                0x000000000800889c       0x10 Core/Src/system_stm32f1xx.o
                0x000000000800889c                AHBPrescTable
 .rodata.APBPrescTable
                0x00000000080088ac        0x8 Core/Src/system_stm32f1xx.o
                0x00000000080088ac                APBPrescTable
                0x00000000080088b4                . = ALIGN (0x4)

.rel.dyn        0x00000000080088b4        0x0
 .rel.iplt      0x00000000080088b4        0x0 /opt/st/stm32cubeide_1.4.0/plugins/com.st.stm32cube.ide.mcu.externaltools.gnu-tools-for-stm32.7-2018-q2-update.linux64_1.4.0.202007081208/tools/bin/../lib/gcc/arm-none-eabi/7.3.1/thumb/v7-m/crtbegin.o

.ARM.extab      0x00000000080088b4        0x0
                0x00000000080088b4                . = ALIGN (0x4)
 *(.ARM.extab* .gnu.linkonce.armextab.*)
                0x00000000080088b4                . = ALIGN (0x4)

.ARM            0x00000000080088b4        0x0
                0x00000000080088b4                . = ALIGN (0x4)
                0x00000000080088b4                __exidx_start = .
 *(.ARM.exidx*)
                0x00000000080088b4                __exidx_end = .
                0x00000000080088b4                . = ALIGN (0x4)

.preinit_array  0x00000000080088b4        0x0
                0x00000000080088b4                . = ALIGN (0x4)
                0x00000000080088b4                PROVIDE (__preinit_array_start = .)
 *(.preinit_array*)
                0x00000000080088b4                PROVIDE (__preinit_array_end = .)
                0x00000000080088b4                . = ALIGN (0x4)

.init_array     0x00000000080088b4        0x4
                0x00000000080088b4                . = ALIGN (0x4)
                0x00000000080088b4                PROVIDE (__init_array_start = .)
 *(SORT_BY_NAME(.init_array.*))
 *(.init_array*)
 .init_array    0x00000000080088b4        0x4 /opt/st/stm32cubeide_1.4.0/plugins/com.st.stm32cube.ide.mcu.externaltools.gnu-tools-for-stm32.7-2018-q2-update.linux64_1.4.0.202007081208/tools/bin/../lib/gcc/arm-none-eabi/7.3.1/thumb/v7-m/crtbegin.o
                0x00000000080088b8                PROVIDE (__init_array_end = .)
                0x00000000080088b8                . = ALIGN (0x4)

.fini_array     0x00000000080088b8        0x4
                0x00000000080088b8                . = ALIGN (0x4)
                [!provide]                        PROVIDE (__fini_array_start = .)
 *(SORT_BY_NAME(.fini_array.*))
 *(.fini_array*)
 .fini_array    0x00000000080088b8        0x4 /opt/st/stm32cubeide_1.4.0/plugins/com.st.stm32cube.ide.mcu.externaltools.gnu-tools-for-stm32.7-2018-q2-update.linux64_1.4.0.202007081208/tools/bin/../lib/gcc/arm-none-eabi/7.3.1/thumb/v7-m/crtbegin.o
                [!provide]                        PROVIDE (__fini_array_end = .)
                0x00000000080088bc                . = ALIGN (0x4)
                0x00000000080088bc                _sidata = LOADADDR (.data)

.data           0x0000000020000000      0x240 load address 0x00000000080088bc
                0x0000000020000000                . = ALIGN (0x4)
                0x0000000020000000                _sdata = .
 *(.data)
 *(.data*)
 .data.dib_linea2
                0x0000000020000000        0x2 Core/Src/blockOut.o
                0x0000000020000000                dib_linea2
 *fill*         0x0000000020000002        0x2 
 .data.dib_linea3
                0x0000000020000004        0x3 Core/Src/blockOut.o
                0x0000000020000004                dib_linea3
 *fill*         0x0000000020000007        0x1 
 .data.dib_linea4
                0x0000000020000008        0x4 Core/Src/blockOut.o
                0x0000000020000008                dib_linea4
 .data.dib_t    0x000000002000000c        0x3 Core/Src/blockOut.o
                0x000000002000000c                dib_t
 *fill*         0x000000002000000f        0x1 
 .data.dib_s    0x0000000020000010        0x3 Core/Src/blockOut.o
                0x0000000020000010                dib_s
 *fill*         0x0000000020000013        0x1 
 .data.dib_l    0x0000000020000014        0x3 Core/Src/blockOut.o
                0x0000000020000014                dib_l
 *fill*         0x0000000020000017        0x1 
 .data.dib_esq  0x0000000020000018        0x2 Core/Src/blockOut.o
                0x0000000020000018                dib_esq
 *fill*         0x000000002000001a        0x2 
 .data.dib_cuad
                0x000000002000001c        0x2 Core/Src/blockOut.o
                0x000000002000001c                dib_cuad
 *fill*         0x000000002000001e        0x2 
 .data.dib_u    0x0000000020000020        0x3 Core/Src/blockOut.o
                0x0000000020000020                dib_u
 *fill*         0x0000000020000023        0x1 
 .data.dib_s_2  0x0000000020000024        0x3 Core/Src/blockOut.o
                0x0000000020000024                dib_s_2
 *fill*         0x0000000020000027        0x1 
 .data.pieza    0x0000000020000028       0xdc Core/Src/blockOut.o
                0x0000000020000028                pieza
 .data.read_boton
                0x0000000020000104        0x4 Core/Src/botones_lfs.o
                0x0000000020000104                read_boton
 .data.last_boton
                0x0000000020000108        0x4 Core/Src/botones_lfs.o
                0x0000000020000108                last_boton
 .data.RAIN_TIME
                0x000000002000010c        0x2 Core/Src/main.o
                0x000000002000010c                RAIN_TIME
 .data.PLANE_BOING_TIME
                0x000000002000010e        0x2 Core/Src/main.o
                0x000000002000010e                PLANE_BOING_TIME
 .data.SEND_VOXELS_TIME
                0x0000000020000110        0x2 Core/Src/main.o
                0x0000000020000110                SEND_VOXELS_TIME
 .data.WOOP_WOOP_TIME
                0x0000000020000112        0x2 Core/Src/main.o
                0x0000000020000112                WOOP_WOOP_TIME
 .data.CUBE_JUMP_TIME
                0x0000000020000114        0x2 Core/Src/main.o
                0x0000000020000114                CUBE_JUMP_TIME
 .data.FIREWORK_TIME
                0x0000000020000116        0x2 Core/Src/main.o
                0x0000000020000116                FIREWORK_TIME
 .data.GLOW_TIME
                0x0000000020000118        0x2 Core/Src/main.o
                0x0000000020000118                GLOW_TIME
 .data.TEXT_TIME
                0x000000002000011a        0x2 Core/Src/main.o
                0x000000002000011a                TEXT_TIME
 .data.STEP_TIME
                0x000000002000011c        0x2 Core/Src/main.o
                0x000000002000011c                STEP_TIME
 *fill*         0x000000002000011e        0x2 
 .data.characters
                0x0000000020000120       0xa8 Core/Src/main.o
                0x0000000020000120                characters
 .data.currentEffect
                0x00000000200001c8        0x1 Core/Src/main.o
                0x00000000200001c8                currentEffect
 .data.antiRebote
                0x00000000200001c9        0x1 Core/Src/main.o
                0x00000000200001c9                antiRebote
 .data.periodo_blockOut
                0x00000000200001ca        0x2 Core/Src/main.o
                0x00000000200001ca                periodo_blockOut
 .data.cubeExpanding
                0x00000000200001cc        0x1 Core/Src/main.o
                0x00000000200001cc                cubeExpanding
 .data.explocionCicle
                0x00000000200001cd        0x1 Core/Src/main.o
                0x00000000200001cd                explocionCicle
 *fill*         0x00000000200001ce        0x2 
 .data.SystemCoreClock
                0x00000000200001d0        0x4 Core/Src/system_stm32f1xx.o
                0x00000000200001d0                SystemCoreClock
 .data.uwTickPrio
                0x00000000200001d4        0x4 Drivers/STM32F1xx_HAL_Driver/Src/stm32f1xx_hal.o
                0x00000000200001d4                uwTickPrio
 .data.uwTickFreq
                0x00000000200001d8        0x1 Drivers/STM32F1xx_HAL_Driver/Src/stm32f1xx_hal.o
                0x00000000200001d8                uwTickFreq
 *fill*         0x00000000200001d9        0x3 
 .data._impure_ptr
                0x00000000200001dc        0x4 /opt/st/stm32cubeide_1.4.0/plugins/com.st.stm32cube.ide.mcu.externaltools.gnu-tools-for-stm32.7-2018-q2-update.linux64_1.4.0.202007081208/tools/bin/../lib/gcc/arm-none-eabi/7.3.1/../../../../arm-none-eabi/lib/thumb/v7-m/libc_nano.a(lib_a-impure.o)
                0x00000000200001dc                _impure_ptr
 .data.impure_data
                0x00000000200001e0       0x60 /opt/st/stm32cubeide_1.4.0/plugins/com.st.stm32cube.ide.mcu.externaltools.gnu-tools-for-stm32.7-2018-q2-update.linux64_1.4.0.202007081208/tools/bin/../lib/gcc/arm-none-eabi/7.3.1/../../../../arm-none-eabi/lib/thumb/v7-m/libc_nano.a(lib_a-impure.o)
                0x0000000020000240                . = ALIGN (0x4)
                0x0000000020000240                _edata = .

.igot.plt       0x0000000020000240        0x0 load address 0x0000000008008afc
 .igot.plt      0x0000000020000240        0x0 /opt/st/stm32cubeide_1.4.0/plugins/com.st.stm32cube.ide.mcu.externaltools.gnu-tools-for-stm32.7-2018-q2-update.linux64_1.4.0.202007081208/tools/bin/../lib/gcc/arm-none-eabi/7.3.1/thumb/v7-m/crtbegin.o
                0x0000000020000240                . = ALIGN (0x4)

.bss            0x0000000020000240      0x434 load address 0x0000000008008afc
                0x0000000020000240                _sbss = .
                0x0000000020000240                __bss_start__ = _sbss
 *(.bss)
 .bss           0x0000000020000240       0x1c /opt/st/stm32cubeide_1.4.0/plugins/com.st.stm32cube.ide.mcu.externaltools.gnu-tools-for-stm32.7-2018-q2-update.linux64_1.4.0.202007081208/tools/bin/../lib/gcc/arm-none-eabi/7.3.1/thumb/v7-m/crtbegin.o
 *(.bss*)
 .bss.flag_pieza
                0x000000002000025c        0x1 Core/Src/blockOut.o
                0x000000002000025c                flag_pieza
 .bss.flag_movGiroProhibido
                0x000000002000025d        0x1 Core/Src/blockOut.o
                0x000000002000025d                flag_movGiroProhibido
 .bss.flag_timeoutCaer
                0x000000002000025e        0x1 Core/Src/blockOut.o
                0x000000002000025e                flag_timeoutCaer
 .bss.flag_fuerzaCaida
                0x000000002000025f        0x1 Core/Src/blockOut.o
                0x000000002000025f                flag_fuerzaCaida
 .bss.flag_gameOver
                0x0000000020000260        0x1 Core/Src/blockOut.o
                0x0000000020000260                flag_gameOver
 .bss.flag_updateJuego
                0x0000000020000261        0x1 Core/Src/blockOut.o
                0x0000000020000261                flag_updateJuego
 .bss.estatus_juego
                0x0000000020000262        0x1 Core/Src/blockOut.o
                0x0000000020000262                estatus_juego
 .bss.last_indexPieza
                0x0000000020000263        0x1 Core/Src/blockOut.o
                0x0000000020000263                last_indexPieza
 .bss.piezaRepetida
                0x0000000020000264        0x1 Core/Src/blockOut.o
                0x0000000020000264                piezaRepetida
 .bss.completaPiso
                0x0000000020000265        0x1 Core/Src/blockOut.o
                0x0000000020000265                completaPiso
 *fill*         0x0000000020000266        0x2 
 .bss.ocupacion
                0x0000000020000268       0x40 Core/Src/blockOut.o
                0x0000000020000268                ocupacion
 .bss.m_pieza8  0x00000000200002a8        0x4 Core/Src/blockOut.o
                0x00000000200002a8                m_pieza8
 .bss.m_pieza27
                0x00000000200002ac        0x4 Core/Src/blockOut.o
                0x00000000200002ac                m_pieza27
 .bss.m_pieza64
                0x00000000200002b0        0x4 Core/Src/blockOut.o
                0x00000000200002b0                m_pieza64
 .bss.m_aux8    0x00000000200002b4        0x4 Core/Src/blockOut.o
                0x00000000200002b4                m_aux8
 .bss.m_aux27   0x00000000200002b8        0x4 Core/Src/blockOut.o
                0x00000000200002b8                m_aux27
 .bss.m_aux64   0x00000000200002bc        0x4 Core/Src/blockOut.o
                0x00000000200002bc                m_aux64
 .bss.cube_level
                0x00000000200002c0        0x1 Core/Src/main.o
                0x00000000200002c0                cube_level
 .bss.flag_nextLevel
                0x00000000200002c1        0x1 Core/Src/main.o
                0x00000000200002c1                flag_nextLevel
 .bss.flag_uart
                0x00000000200002c2        0x1 Core/Src/main.o
                0x00000000200002c2                flag_uart
 .bss.planePosition
                0x00000000200002c3        0x1 Core/Src/main.o
                0x00000000200002c3                planePosition
 .bss.planeDirection
                0x00000000200002c4        0x1 Core/Src/main.o
                0x00000000200002c4                planeDirection
 .bss.looped    0x00000000200002c5        0x1 Core/Src/main.o
                0x00000000200002c5                looped
 .bss.selX      0x00000000200002c6        0x1 Core/Src/main.o
                0x00000000200002c6                selX
 .bss.selY      0x00000000200002c7        0x1 Core/Src/main.o
                0x00000000200002c7                selY
 .bss.selZ      0x00000000200002c8        0x1 Core/Src/main.o
                0x00000000200002c8                selZ
 .bss.sendDirection
                0x00000000200002c9        0x1 Core/Src/main.o
                0x00000000200002c9                sendDirection
 .bss.sending   0x00000000200002ca        0x1 Core/Src/main.o
                0x00000000200002ca                sending
 .bss.cubeSize  0x00000000200002cb        0x1 Core/Src/main.o
                0x00000000200002cb                cubeSize
 .bss.glowCount
                0x00000000200002cc        0x2 Core/Src/main.o
                0x00000000200002cc                glowCount
 .bss.charCounter
                0x00000000200002ce        0x1 Core/Src/main.o
                0x00000000200002ce                charCounter
 .bss.charPosition
                0x00000000200002cf        0x1 Core/Src/main.o
                0x00000000200002cf                charPosition
 .bss.statusFireWork
                0x00000000200002d0        0x1 Core/Src/main.o
                0x00000000200002d0                statusFireWork
 .bss.rocketX   0x00000000200002d1        0x1 Core/Src/main.o
                0x00000000200002d1                rocketX
 .bss.rocketY   0x00000000200002d2        0x1 Core/Src/main.o
                0x00000000200002d2                rocketY
 .bss.rocketZ   0x00000000200002d3        0x1 Core/Src/main.o
                0x00000000200002d3                rocketZ
 .bss.deadParticles
                0x00000000200002d4        0x1 Core/Src/main.o
                0x00000000200002d4                deadParticles
 .bss.flag_demo
                0x00000000200002d5        0x1 Core/Src/main.o
                0x00000000200002d5                flag_demo
 *fill*         0x00000000200002d6        0x2 
 .bss.__sbrk_heap_end
                0x00000000200002d8        0x4 Core/Src/sysmem.o
 .bss.__malloc_free_list
                0x00000000200002dc        0x4 /opt/st/stm32cubeide_1.4.0/plugins/com.st.stm32cube.ide.mcu.externaltools.gnu-tools-for-stm32.7-2018-q2-update.linux64_1.4.0.202007081208/tools/bin/../lib/gcc/arm-none-eabi/7.3.1/../../../../arm-none-eabi/lib/thumb/v7-m/libc_nano.a(lib_a-nano-mallocr.o)
                0x00000000200002dc                __malloc_free_list
 .bss.__malloc_sbrk_start
                0x00000000200002e0        0x4 /opt/st/stm32cubeide_1.4.0/plugins/com.st.stm32cube.ide.mcu.externaltools.gnu-tools-for-stm32.7-2018-q2-update.linux64_1.4.0.202007081208/tools/bin/../lib/gcc/arm-none-eabi/7.3.1/../../../../arm-none-eabi/lib/thumb/v7-m/libc_nano.a(lib_a-nano-mallocr.o)
                0x00000000200002e0                __malloc_sbrk_start
 *(COMMON)
 COMMON         0x00000000200002e4        0xc Core/Src/74_HC595_SPI_lfs.o
                0x00000000200002e4                pinST
                0x00000000200002e8                spi_handler
                0x00000000200002ec                portST
 COMMON         0x00000000200002f0       0x30 Core/Src/adc.o
                0x00000000200002f0                hadc1
 COMMON         0x0000000020000320       0x19 Core/Src/blockOut.o
                0x0000000020000320                piezaActiva
                0x0000000020000334                pos_piezaX
                0x0000000020000335                pos_piezaY
                0x0000000020000336                entradaJoystick
                0x0000000020000337                index_pieza
                0x0000000020000338                pos_piezaZ
 *fill*         0x0000000020000339        0x3 
 COMMON         0x000000002000033c       0x54 Core/Src/i2c.o
                0x000000002000033c                hi2c1
 COMMON         0x0000000020000390      0x1ae Core/Src/main.o
                0x0000000020000390                cube_vector
                0x000000002000039c                particle
                0x00000000200004dc                zPos
                0x00000000200004de                timer
                0x00000000200004e0                randomSeed
                0x00000000200004e2                periodo_demo
                0x00000000200004e4                numParticles
                0x00000000200004e8                cube
                0x0000000020000528                yPos
                0x0000000020000530                randomTimer
                0x0000000020000538                rxChar
                0x0000000020000539                exploded
                0x000000002000053a                xPos
                0x000000002000053b                glowing
                0x000000002000053c                flag_tim3
                0x000000002000053d                loading
 *fill*         0x000000002000053e        0x2 
 COMMON         0x0000000020000540       0x58 Core/Src/spi.o
                0x0000000020000540                hspi1
 COMMON         0x0000000020000598       0x90 Core/Src/tim.o
                0x0000000020000598                htim3
                0x00000000200005e0                htim2
 COMMON         0x0000000020000628       0x44 Core/Src/usart.o
                0x0000000020000628                huart1
 COMMON         0x000000002000066c        0x4 Drivers/STM32F1xx_HAL_Driver/Src/stm32f1xx_hal.o
                0x000000002000066c                uwTick
 COMMON         0x0000000020000670        0x4 /opt/st/stm32cubeide_1.4.0/plugins/com.st.stm32cube.ide.mcu.externaltools.gnu-tools-for-stm32.7-2018-q2-update.linux64_1.4.0.202007081208/tools/bin/../lib/gcc/arm-none-eabi/7.3.1/../../../../arm-none-eabi/lib/thumb/v7-m/libc_nano.a(lib_a-reent.o)
                0x0000000020000670                errno
                0x0000000020000674                . = ALIGN (0x4)
                0x0000000020000674                _ebss = .
                0x0000000020000674                __bss_end__ = _ebss

._user_heap_stack
                0x0000000020000674      0x604 load address 0x0000000008008afc
                0x0000000020000678                . = ALIGN (0x8)
 *fill*         0x0000000020000674        0x4 
                [!provide]                        PROVIDE (end = .)
                0x0000000020000678                PROVIDE (_end = .)
                0x0000000020000878                . = (. + _Min_Heap_Size)
 *fill*         0x0000000020000678      0x200 
                0x0000000020000c78                . = (. + _Min_Stack_Size)
 *fill*         0x0000000020000878      0x400 
                0x0000000020000c78                . = ALIGN (0x8)

/DISCARD/
 libc.a(*)
 libm.a(*)
 libgcc.a(*)

.ARM.attributes
                0x0000000000000000       0x29
 *(.ARM.attributes)
 .ARM.attributes
                0x0000000000000000       0x1d /opt/st/stm32cubeide_1.4.0/plugins/com.st.stm32cube.ide.mcu.externaltools.gnu-tools-for-stm32.7-2018-q2-update.linux64_1.4.0.202007081208/tools/bin/../lib/gcc/arm-none-eabi/7.3.1/thumb/v7-m/crti.o
 .ARM.attributes
                0x000000000000001d       0x2d /opt/st/stm32cubeide_1.4.0/plugins/com.st.stm32cube.ide.mcu.externaltools.gnu-tools-for-stm32.7-2018-q2-update.linux64_1.4.0.202007081208/tools/bin/../lib/gcc/arm-none-eabi/7.3.1/thumb/v7-m/crtbegin.o
 .ARM.attributes
                0x000000000000004a       0x33 Core/Src/74_HC595_SPI_lfs.o
 .ARM.attributes
                0x000000000000007d       0x33 Core/Src/adc.o
 .ARM.attributes
                0x00000000000000b0       0x33 Core/Src/blockOut.o
 .ARM.attributes
                0x00000000000000e3       0x33 Core/Src/botones_lfs.o
 .ARM.attributes
                0x0000000000000116       0x33 Core/Src/gpio.o
 .ARM.attributes
                0x0000000000000149       0x33 Core/Src/i2c.o
 .ARM.attributes
                0x000000000000017c       0x33 Core/Src/main.o
 .ARM.attributes
                0x00000000000001af       0x33 Core/Src/spi.o
 .ARM.attributes
                0x00000000000001e2       0x33 Core/Src/stm32f1xx_hal_msp.o
 .ARM.attributes
                0x0000000000000215       0x33 Core/Src/stm32f1xx_it.o
 .ARM.attributes
                0x0000000000000248       0x33 Core/Src/sysmem.o
 .ARM.attributes
                0x000000000000027b       0x33 Core/Src/system_stm32f1xx.o
 .ARM.attributes
                0x00000000000002ae       0x33 Core/Src/tim.o
 .ARM.attributes
                0x00000000000002e1       0x33 Core/Src/usart.o
 .ARM.attributes
                0x0000000000000314       0x21 Core/Startup/startup_stm32f103c8tx.o
 .ARM.attributes
                0x0000000000000335       0x33 Drivers/STM32F1xx_HAL_Driver/Src/stm32f1xx_hal.o
 .ARM.attributes
                0x0000000000000368       0x33 Drivers/STM32F1xx_HAL_Driver/Src/stm32f1xx_hal_adc.o
 .ARM.attributes
                0x000000000000039b       0x33 Drivers/STM32F1xx_HAL_Driver/Src/stm32f1xx_hal_cortex.o
 .ARM.attributes
                0x00000000000003ce       0x33 Drivers/STM32F1xx_HAL_Driver/Src/stm32f1xx_hal_dma.o
 .ARM.attributes
                0x0000000000000401       0x33 Drivers/STM32F1xx_HAL_Driver/Src/stm32f1xx_hal_gpio.o
 .ARM.attributes
                0x0000000000000434       0x33 Drivers/STM32F1xx_HAL_Driver/Src/stm32f1xx_hal_i2c.o
 .ARM.attributes
                0x0000000000000467       0x33 Drivers/STM32F1xx_HAL_Driver/Src/stm32f1xx_hal_rcc.o
 .ARM.attributes
                0x000000000000049a       0x33 Drivers/STM32F1xx_HAL_Driver/Src/stm32f1xx_hal_rcc_ex.o
 .ARM.attributes
                0x00000000000004cd       0x33 Drivers/STM32F1xx_HAL_Driver/Src/stm32f1xx_hal_spi.o
 .ARM.attributes
                0x0000000000000500       0x33 Drivers/STM32F1xx_HAL_Driver/Src/stm32f1xx_hal_tim.o
 .ARM.attributes
                0x0000000000000533       0x33 Drivers/STM32F1xx_HAL_Driver/Src/stm32f1xx_hal_tim_ex.o
 .ARM.attributes
                0x0000000000000566       0x33 Drivers/STM32F1xx_HAL_Driver/Src/stm32f1xx_hal_uart.o
 .ARM.attributes
                0x0000000000000599       0x2d /opt/st/stm32cubeide_1.4.0/plugins/com.st.stm32cube.ide.mcu.externaltools.gnu-tools-for-stm32.7-2018-q2-update.linux64_1.4.0.202007081208/tools/bin/../lib/gcc/arm-none-eabi/7.3.1/../../../../arm-none-eabi/lib/thumb/v7-m/libc_nano.a(lib_a-errno.o)
 .ARM.attributes
                0x00000000000005c6       0x2d /opt/st/stm32cubeide_1.4.0/plugins/com.st.stm32cube.ide.mcu.externaltools.gnu-tools-for-stm32.7-2018-q2-update.linux64_1.4.0.202007081208/tools/bin/../lib/gcc/arm-none-eabi/7.3.1/../../../../arm-none-eabi/lib/thumb/v7-m/libc_nano.a(lib_a-impure.o)
 .ARM.attributes
                0x00000000000005f3       0x2d /opt/st/stm32cubeide_1.4.0/plugins/com.st.stm32cube.ide.mcu.externaltools.gnu-tools-for-stm32.7-2018-q2-update.linux64_1.4.0.202007081208/tools/bin/../lib/gcc/arm-none-eabi/7.3.1/../../../../arm-none-eabi/lib/thumb/v7-m/libc_nano.a(lib_a-init.o)
 .ARM.attributes
                0x0000000000000620       0x2d /opt/st/stm32cubeide_1.4.0/plugins/com.st.stm32cube.ide.mcu.externaltools.gnu-tools-for-stm32.7-2018-q2-update.linux64_1.4.0.202007081208/tools/bin/../lib/gcc/arm-none-eabi/7.3.1/../../../../arm-none-eabi/lib/thumb/v7-m/libc_nano.a(lib_a-malloc.o)
 .ARM.attributes
                0x000000000000064d       0x2d /opt/st/stm32cubeide_1.4.0/plugins/com.st.stm32cube.ide.mcu.externaltools.gnu-tools-for-stm32.7-2018-q2-update.linux64_1.4.0.202007081208/tools/bin/../lib/gcc/arm-none-eabi/7.3.1/../../../../arm-none-eabi/lib/thumb/v7-m/libc_nano.a(lib_a-memset.o)
 .ARM.attributes
                0x000000000000067a       0x2d /opt/st/stm32cubeide_1.4.0/plugins/com.st.stm32cube.ide.mcu.externaltools.gnu-tools-for-stm32.7-2018-q2-update.linux64_1.4.0.202007081208/tools/bin/../lib/gcc/arm-none-eabi/7.3.1/../../../../arm-none-eabi/lib/thumb/v7-m/libc_nano.a(lib_a-nano-mallocr.o)
 .ARM.attributes
                0x00000000000006a7       0x2d /opt/st/stm32cubeide_1.4.0/plugins/com.st.stm32cube.ide.mcu.externaltools.gnu-tools-for-stm32.7-2018-q2-update.linux64_1.4.0.202007081208/tools/bin/../lib/gcc/arm-none-eabi/7.3.1/../../../../arm-none-eabi/lib/thumb/v7-m/libc_nano.a(lib_a-rand.o)
 .ARM.attributes
                0x00000000000006d4       0x2d /opt/st/stm32cubeide_1.4.0/plugins/com.st.stm32cube.ide.mcu.externaltools.gnu-tools-for-stm32.7-2018-q2-update.linux64_1.4.0.202007081208/tools/bin/../lib/gcc/arm-none-eabi/7.3.1/../../../../arm-none-eabi/lib/thumb/v7-m/libc_nano.a(lib_a-sbrkr.o)
 .ARM.attributes
                0x0000000000000701       0x2d /opt/st/stm32cubeide_1.4.0/plugins/com.st.stm32cube.ide.mcu.externaltools.gnu-tools-for-stm32.7-2018-q2-update.linux64_1.4.0.202007081208/tools/bin/../lib/gcc/arm-none-eabi/7.3.1/../../../../arm-none-eabi/lib/thumb/v7-m/libc_nano.a(lib_a-mlock.o)
 .ARM.attributes
                0x000000000000072e       0x2d /opt/st/stm32cubeide_1.4.0/plugins/com.st.stm32cube.ide.mcu.externaltools.gnu-tools-for-stm32.7-2018-q2-update.linux64_1.4.0.202007081208/tools/bin/../lib/gcc/arm-none-eabi/7.3.1/../../../../arm-none-eabi/lib/thumb/v7-m/libc_nano.a(lib_a-reent.o)
 .ARM.attributes
                0x000000000000075b       0x1d /opt/st/stm32cubeide_1.4.0/plugins/com.st.stm32cube.ide.mcu.externaltools.gnu-tools-for-stm32.7-2018-q2-update.linux64_1.4.0.202007081208/tools/bin/../lib/gcc/arm-none-eabi/7.3.1/thumb/v7-m/crtn.o
OUTPUT(cuboLED_STM32F103C8T6.elf elf32-littlearm)

.debug_info     0x0000000000000000    0x153af
 .debug_info    0x0000000000000000      0x706 Core/Src/74_HC595_SPI_lfs.o
 .debug_info    0x0000000000000706      0x7f9 Core/Src/adc.o
 .debug_info    0x0000000000000eff     0x14f9 Core/Src/blockOut.o
 .debug_info    0x00000000000023f8      0x2da Core/Src/botones_lfs.o
 .debug_info    0x00000000000026d2      0x379 Core/Src/gpio.o
 .debug_info    0x0000000000002a4b      0x842 Core/Src/i2c.o
 .debug_info    0x000000000000328d     0x27d5 Core/Src/main.o
 .debug_info    0x0000000000005a62      0x813 Core/Src/spi.o
 .debug_info    0x0000000000006275      0x2d6 Core/Src/stm32f1xx_hal_msp.o
 .debug_info    0x000000000000654b      0xa14 Core/Src/stm32f1xx_it.o
 .debug_info    0x0000000000006f5f      0x985 Core/Src/sysmem.o
 .debug_info    0x00000000000078e4      0x29a Core/Src/system_stm32f1xx.o
 .debug_info    0x0000000000007b7e      0xa13 Core/Src/tim.o
 .debug_info    0x0000000000008591      0x915 Core/Src/usart.o
 .debug_info    0x0000000000008ea6       0x22 Core/Startup/startup_stm32f103c8tx.o
 .debug_info    0x0000000000008ec8      0x714 Drivers/STM32F1xx_HAL_Driver/Src/stm32f1xx_hal.o
 .debug_info    0x00000000000095dc      0xc6c Drivers/STM32F1xx_HAL_Driver/Src/stm32f1xx_hal_adc.o
 .debug_info    0x000000000000a248      0xb51 Drivers/STM32F1xx_HAL_Driver/Src/stm32f1xx_hal_cortex.o
 .debug_info    0x000000000000ad99      0x7b1 Drivers/STM32F1xx_HAL_Driver/Src/stm32f1xx_hal_dma.o
 .debug_info    0x000000000000b54a      0x69b Drivers/STM32F1xx_HAL_Driver/Src/stm32f1xx_hal_gpio.o
 .debug_info    0x000000000000bbe5     0x256e Drivers/STM32F1xx_HAL_Driver/Src/stm32f1xx_hal_i2c.o
 .debug_info    0x000000000000e153      0x80f Drivers/STM32F1xx_HAL_Driver/Src/stm32f1xx_hal_rcc.o
 .debug_info    0x000000000000e962      0x444 Drivers/STM32F1xx_HAL_Driver/Src/stm32f1xx_hal_rcc_ex.o
 .debug_info    0x000000000000eda6     0x1581 Drivers/STM32F1xx_HAL_Driver/Src/stm32f1xx_hal_spi.o
 .debug_info    0x0000000000010327     0x27f1 Drivers/STM32F1xx_HAL_Driver/Src/stm32f1xx_hal_tim.o
 .debug_info    0x0000000000012b18     0x13ab Drivers/STM32F1xx_HAL_Driver/Src/stm32f1xx_hal_tim_ex.o
 .debug_info    0x0000000000013ec3     0x14ec Drivers/STM32F1xx_HAL_Driver/Src/stm32f1xx_hal_uart.o

.debug_abbrev   0x0000000000000000     0x2f10
 .debug_abbrev  0x0000000000000000      0x17a Core/Src/74_HC595_SPI_lfs.o
 .debug_abbrev  0x000000000000017a      0x199 Core/Src/adc.o
 .debug_abbrev  0x0000000000000313      0x1d8 Core/Src/blockOut.o
 .debug_abbrev  0x00000000000004eb      0x13a Core/Src/botones_lfs.o
 .debug_abbrev  0x0000000000000625      0x134 Core/Src/gpio.o
 .debug_abbrev  0x0000000000000759      0x199 Core/Src/i2c.o
 .debug_abbrev  0x00000000000008f2      0x2b9 Core/Src/main.o
 .debug_abbrev  0x0000000000000bab      0x199 Core/Src/spi.o
 .debug_abbrev  0x0000000000000d44      0x109 Core/Src/stm32f1xx_hal_msp.o
 .debug_abbrev  0x0000000000000e4d      0x15a Core/Src/stm32f1xx_it.o
 .debug_abbrev  0x0000000000000fa7      0x19b Core/Src/sysmem.o
 .debug_abbrev  0x0000000000001142      0x134 Core/Src/system_stm32f1xx.o
 .debug_abbrev  0x0000000000001276      0x1a4 Core/Src/tim.o
 .debug_abbrev  0x000000000000141a      0x1a2 Core/Src/usart.o
 .debug_abbrev  0x00000000000015bc       0x12 Core/Startup/startup_stm32f103c8tx.o
 .debug_abbrev  0x00000000000015ce      0x1c7 Drivers/STM32F1xx_HAL_Driver/Src/stm32f1xx_hal.o
 .debug_abbrev  0x0000000000001795      0x1d5 Drivers/STM32F1xx_HAL_Driver/Src/stm32f1xx_hal_adc.o
 .debug_abbrev  0x000000000000196a      0x2d5 Drivers/STM32F1xx_HAL_Driver/Src/stm32f1xx_hal_cortex.o
 .debug_abbrev  0x0000000000001c3f      0x1fe Drivers/STM32F1xx_HAL_Driver/Src/stm32f1xx_hal_dma.o
 .debug_abbrev  0x0000000000001e3d      0x1c0 Drivers/STM32F1xx_HAL_Driver/Src/stm32f1xx_hal_gpio.o
 .debug_abbrev  0x0000000000001ffd      0x258 Drivers/STM32F1xx_HAL_Driver/Src/stm32f1xx_hal_i2c.o
 .debug_abbrev  0x0000000000002255      0x243 Drivers/STM32F1xx_HAL_Driver/Src/stm32f1xx_hal_rcc.o
 .debug_abbrev  0x0000000000002498      0x175 Drivers/STM32F1xx_HAL_Driver/Src/stm32f1xx_hal_rcc_ex.o
 .debug_abbrev  0x000000000000260d      0x240 Drivers/STM32F1xx_HAL_Driver/Src/stm32f1xx_hal_spi.o
 .debug_abbrev  0x000000000000284d      0x230 Drivers/STM32F1xx_HAL_Driver/Src/stm32f1xx_hal_tim.o
 .debug_abbrev  0x0000000000002a7d      0x236 Drivers/STM32F1xx_HAL_Driver/Src/stm32f1xx_hal_tim_ex.o
 .debug_abbrev  0x0000000000002cb3      0x25d Drivers/STM32F1xx_HAL_Driver/Src/stm32f1xx_hal_uart.o

.debug_aranges  0x0000000000000000     0x1378
 .debug_aranges
                0x0000000000000000       0x28 Core/Src/74_HC595_SPI_lfs.o
 .debug_aranges
                0x0000000000000028       0x30 Core/Src/adc.o
 .debug_aranges
                0x0000000000000058       0x20 Core/Src/blockOut.o
 .debug_aranges
                0x0000000000000078       0x30 Core/Src/botones_lfs.o
 .debug_aranges
                0x00000000000000a8       0x20 Core/Src/gpio.o
 .debug_aranges
                0x00000000000000c8       0x30 Core/Src/i2c.o
 .debug_aranges
                0x00000000000000f8       0xd0 Core/Src/main.o
 .debug_aranges
                0x00000000000001c8       0x30 Core/Src/spi.o
 .debug_aranges
                0x00000000000001f8       0x20 Core/Src/stm32f1xx_hal_msp.o
 .debug_aranges
                0x0000000000000218       0x78 Core/Src/stm32f1xx_it.o
 .debug_aranges
                0x0000000000000290       0x20 Core/Src/sysmem.o
 .debug_aranges
                0x00000000000002b0       0x28 Core/Src/system_stm32f1xx.o
 .debug_aranges
                0x00000000000002d8       0x38 Core/Src/tim.o
 .debug_aranges
                0x0000000000000310       0x30 Core/Src/usart.o
 .debug_aranges
                0x0000000000000340       0x28 Core/Startup/startup_stm32f103c8tx.o
 .debug_aranges
                0x0000000000000368       0xe0 Drivers/STM32F1xx_HAL_Driver/Src/stm32f1xx_hal.o
 .debug_aranges
                0x0000000000000448       0xf0 Drivers/STM32F1xx_HAL_Driver/Src/stm32f1xx_hal_adc.o
 .debug_aranges
                0x0000000000000538      0x100 Drivers/STM32F1xx_HAL_Driver/Src/stm32f1xx_hal_cortex.o
 .debug_aranges
                0x0000000000000638       0x80 Drivers/STM32F1xx_HAL_Driver/Src/stm32f1xx_hal_dma.o
 .debug_aranges
                0x00000000000006b8       0x58 Drivers/STM32F1xx_HAL_Driver/Src/stm32f1xx_hal_gpio.o
 .debug_aranges
                0x0000000000000710      0x2a0 Drivers/STM32F1xx_HAL_Driver/Src/stm32f1xx_hal_i2c.o
 .debug_aranges
                0x00000000000009b0       0x90 Drivers/STM32F1xx_HAL_Driver/Src/stm32f1xx_hal_rcc.o
 .debug_aranges
                0x0000000000000a40       0x30 Drivers/STM32F1xx_HAL_Driver/Src/stm32f1xx_hal_rcc_ex.o
 .debug_aranges
                0x0000000000000a70      0x1d0 Drivers/STM32F1xx_HAL_Driver/Src/stm32f1xx_hal_spi.o
 .debug_aranges
                0x0000000000000c40      0x3d0 Drivers/STM32F1xx_HAL_Driver/Src/stm32f1xx_hal_tim.o
 .debug_aranges
                0x0000000000001010      0x168 Drivers/STM32F1xx_HAL_Driver/Src/stm32f1xx_hal_tim_ex.o
 .debug_aranges
                0x0000000000001178      0x200 Drivers/STM32F1xx_HAL_Driver/Src/stm32f1xx_hal_uart.o

.debug_ranges   0x0000000000000000     0x1228
 .debug_ranges  0x0000000000000000       0x18 Core/Src/74_HC595_SPI_lfs.o
 .debug_ranges  0x0000000000000018       0x20 Core/Src/adc.o
 .debug_ranges  0x0000000000000038       0x10 Core/Src/blockOut.o
 .debug_ranges  0x0000000000000048       0x20 Core/Src/botones_lfs.o
 .debug_ranges  0x0000000000000068       0x10 Core/Src/gpio.o
 .debug_ranges  0x0000000000000078       0x20 Core/Src/i2c.o
 .debug_ranges  0x0000000000000098       0xc0 Core/Src/main.o
 .debug_ranges  0x0000000000000158       0x20 Core/Src/spi.o
 .debug_ranges  0x0000000000000178       0x10 Core/Src/stm32f1xx_hal_msp.o
 .debug_ranges  0x0000000000000188       0x68 Core/Src/stm32f1xx_it.o
 .debug_ranges  0x00000000000001f0       0x10 Core/Src/sysmem.o
 .debug_ranges  0x0000000000000200       0x18 Core/Src/system_stm32f1xx.o
 .debug_ranges  0x0000000000000218       0x28 Core/Src/tim.o
 .debug_ranges  0x0000000000000240       0x20 Core/Src/usart.o
 .debug_ranges  0x0000000000000260       0x20 Core/Startup/startup_stm32f103c8tx.o
 .debug_ranges  0x0000000000000280       0xd0 Drivers/STM32F1xx_HAL_Driver/Src/stm32f1xx_hal.o
 .debug_ranges  0x0000000000000350       0xe0 Drivers/STM32F1xx_HAL_Driver/Src/stm32f1xx_hal_adc.o
 .debug_ranges  0x0000000000000430       0xf0 Drivers/STM32F1xx_HAL_Driver/Src/stm32f1xx_hal_cortex.o
 .debug_ranges  0x0000000000000520       0x70 Drivers/STM32F1xx_HAL_Driver/Src/stm32f1xx_hal_dma.o
 .debug_ranges  0x0000000000000590       0x48 Drivers/STM32F1xx_HAL_Driver/Src/stm32f1xx_hal_gpio.o
 .debug_ranges  0x00000000000005d8      0x2b8 Drivers/STM32F1xx_HAL_Driver/Src/stm32f1xx_hal_i2c.o
 .debug_ranges  0x0000000000000890       0x80 Drivers/STM32F1xx_HAL_Driver/Src/stm32f1xx_hal_rcc.o
 .debug_ranges  0x0000000000000910       0x20 Drivers/STM32F1xx_HAL_Driver/Src/stm32f1xx_hal_rcc_ex.o
 .debug_ranges  0x0000000000000930      0x1c0 Drivers/STM32F1xx_HAL_Driver/Src/stm32f1xx_hal_spi.o
 .debug_ranges  0x0000000000000af0      0x3c0 Drivers/STM32F1xx_HAL_Driver/Src/stm32f1xx_hal_tim.o
 .debug_ranges  0x0000000000000eb0      0x158 Drivers/STM32F1xx_HAL_Driver/Src/stm32f1xx_hal_tim_ex.o
 .debug_ranges  0x0000000000001008      0x220 Drivers/STM32F1xx_HAL_Driver/Src/stm32f1xx_hal_uart.o

.debug_macro    0x0000000000000000    0x19dea
 .debug_macro   0x0000000000000000      0x1e4 Core/Src/74_HC595_SPI_lfs.o
 .debug_macro   0x00000000000001e4      0xa5a Core/Src/74_HC595_SPI_lfs.o
 .debug_macro   0x0000000000000c3e      0x22d Core/Src/74_HC595_SPI_lfs.o
 .debug_macro   0x0000000000000e6b       0x2e Core/Src/74_HC595_SPI_lfs.o
 .debug_macro   0x0000000000000e99       0x22 Core/Src/74_HC595_SPI_lfs.o
 .debug_macro   0x0000000000000ebb       0x22 Core/Src/74_HC595_SPI_lfs.o
 .debug_macro   0x0000000000000edd       0x8e Core/Src/74_HC595_SPI_lfs.o
 .debug_macro   0x0000000000000f6b       0x51 Core/Src/74_HC595_SPI_lfs.o
 .debug_macro   0x0000000000000fbc       0xef Core/Src/74_HC595_SPI_lfs.o
 .debug_macro   0x00000000000010ab       0x6a Core/Src/74_HC595_SPI_lfs.o
 .debug_macro   0x0000000000001115      0x1df Core/Src/74_HC595_SPI_lfs.o
 .debug_macro   0x00000000000012f4       0x1c Core/Src/74_HC595_SPI_lfs.o
 .debug_macro   0x0000000000001310       0x22 Core/Src/74_HC595_SPI_lfs.o
 .debug_macro   0x0000000000001332       0xc3 Core/Src/74_HC595_SPI_lfs.o
 .debug_macro   0x00000000000013f5      0xd23 Core/Src/74_HC595_SPI_lfs.o
 .debug_macro   0x0000000000002118     0xe09e Core/Src/74_HC595_SPI_lfs.o
 .debug_macro   0x00000000000101b6       0x6d Core/Src/74_HC595_SPI_lfs.o
 .debug_macro   0x0000000000010223     0x3468 Core/Src/74_HC595_SPI_lfs.o
 .debug_macro   0x000000000001368b      0x174 Core/Src/74_HC595_SPI_lfs.o
 .debug_macro   0x00000000000137ff       0x5c Core/Src/74_HC595_SPI_lfs.o
 .debug_macro   0x000000000001385b      0x5be Core/Src/74_HC595_SPI_lfs.o
 .debug_macro   0x0000000000013e19      0x289 Core/Src/74_HC595_SPI_lfs.o
 .debug_macro   0x00000000000140a2      0x1cb Core/Src/74_HC595_SPI_lfs.o
 .debug_macro   0x000000000001426d      0x114 Core/Src/74_HC595_SPI_lfs.o
 .debug_macro   0x0000000000014381      0x1b2 Core/Src/74_HC595_SPI_lfs.o
 .debug_macro   0x0000000000014533       0x27 Core/Src/74_HC595_SPI_lfs.o
 .debug_macro   0x000000000001455a      0x136 Core/Src/74_HC595_SPI_lfs.o
 .debug_macro   0x0000000000014690      0x1bc Core/Src/74_HC595_SPI_lfs.o
 .debug_macro   0x000000000001484c       0x34 Core/Src/74_HC595_SPI_lfs.o
 .debug_macro   0x0000000000014880       0x3c Core/Src/74_HC595_SPI_lfs.o
 .debug_macro   0x00000000000148bc       0x57 Core/Src/74_HC595_SPI_lfs.o
 .debug_macro   0x0000000000014913      0x46a Core/Src/74_HC595_SPI_lfs.o
 .debug_macro   0x0000000000014d7d      0x1b5 Core/Src/74_HC595_SPI_lfs.o
 .debug_macro   0x0000000000014f32       0x88 Core/Src/74_HC595_SPI_lfs.o
 .debug_macro   0x0000000000014fba      0x241 Core/Src/74_HC595_SPI_lfs.o
 .debug_macro   0x00000000000151fb      0x287 Core/Src/74_HC595_SPI_lfs.o
 .debug_macro   0x0000000000015482      0x141 Core/Src/74_HC595_SPI_lfs.o
 .debug_macro   0x00000000000155c3      0x217 Core/Src/74_HC595_SPI_lfs.o
 .debug_macro   0x00000000000157da      0x8d1 Core/Src/74_HC595_SPI_lfs.o
 .debug_macro   0x00000000000160ab      0x279 Core/Src/74_HC595_SPI_lfs.o
 .debug_macro   0x0000000000016324       0x83 Core/Src/74_HC595_SPI_lfs.o
 .debug_macro   0x00000000000163a7       0x58 Core/Src/74_HC595_SPI_lfs.o
 .debug_macro   0x00000000000163ff      0x1e4 Core/Src/adc.o
 .debug_macro   0x00000000000165e3      0x2a7 Core/Src/blockOut.o
 .debug_macro   0x000000000001688a       0x5e Core/Src/blockOut.o
 .debug_macro   0x00000000000168e8       0x18 Core/Src/blockOut.o
 .debug_macro   0x0000000000016900       0x46 Core/Src/blockOut.o
 .debug_macro   0x0000000000016946       0x3c Core/Src/blockOut.o
 .debug_macro   0x0000000000016982       0x34 Core/Src/blockOut.o
 .debug_macro   0x00000000000169b6       0x16 Core/Src/blockOut.o
 .debug_macro   0x00000000000169cc       0x35 Core/Src/blockOut.o
 .debug_macro   0x0000000000016a01       0x52 Core/Src/blockOut.o
 .debug_macro   0x0000000000016a53       0x1f Core/Src/blockOut.o
 .debug_macro   0x0000000000016a72       0x43 Core/Src/blockOut.o
 .debug_macro   0x0000000000016ab5       0x20 Core/Src/blockOut.o
 .debug_macro   0x0000000000016ad5      0x1a3 Core/Src/blockOut.o
 .debug_macro   0x0000000000016c78      0x32a Core/Src/blockOut.o
 .debug_macro   0x0000000000016fa2       0x16 Core/Src/blockOut.o
 .debug_macro   0x0000000000016fb8       0x29 Core/Src/blockOut.o
 .debug_macro   0x0000000000016fe1      0x1e4 Core/Src/botones_lfs.o
 .debug_macro   0x00000000000171c5      0x1e4 Core/Src/gpio.o
 .debug_macro   0x00000000000173a9      0x1e4 Core/Src/i2c.o
 .debug_macro   0x000000000001758d      0x36c Core/Src/main.o
 .debug_macro   0x00000000000178f9      0x1e4 Core/Src/spi.o
 .debug_macro   0x0000000000017add      0x1da Core/Src/stm32f1xx_hal_msp.o
 .debug_macro   0x0000000000017cb7      0x1e4 Core/Src/stm32f1xx_it.o
 .debug_macro   0x0000000000017e9b       0xee Core/Src/sysmem.o
 .debug_macro   0x0000000000017f89      0x23b Core/Src/sysmem.o
 .debug_macro   0x00000000000181c4      0x1cb Core/Src/system_stm32f1xx.o
 .debug_macro   0x000000000001838f      0x1e4 Core/Src/tim.o
 .debug_macro   0x0000000000018573      0x1e4 Core/Src/usart.o
 .debug_macro   0x0000000000018757      0x1ef Drivers/STM32F1xx_HAL_Driver/Src/stm32f1xx_hal.o
 .debug_macro   0x0000000000018946      0x1e8 Drivers/STM32F1xx_HAL_Driver/Src/stm32f1xx_hal_adc.o
 .debug_macro   0x0000000000018b2e      0x1cb Drivers/STM32F1xx_HAL_Driver/Src/stm32f1xx_hal_cortex.o
 .debug_macro   0x0000000000018cf9      0x1cb Drivers/STM32F1xx_HAL_Driver/Src/stm32f1xx_hal_dma.o
 .debug_macro   0x0000000000018ec4      0x236 Drivers/STM32F1xx_HAL_Driver/Src/stm32f1xx_hal_gpio.o
 .debug_macro   0x00000000000190fa      0x212 Drivers/STM32F1xx_HAL_Driver/Src/stm32f1xx_hal_i2c.o
 .debug_macro   0x000000000001930c      0x1dd Drivers/STM32F1xx_HAL_Driver/Src/stm32f1xx_hal_rcc.o
 .debug_macro   0x00000000000194e9      0x1cb Drivers/STM32F1xx_HAL_Driver/Src/stm32f1xx_hal_rcc_ex.o
 .debug_macro   0x00000000000196b4      0x1d3 Drivers/STM32F1xx_HAL_Driver/Src/stm32f1xx_hal_spi.o
 .debug_macro   0x0000000000019887      0x1cc Drivers/STM32F1xx_HAL_Driver/Src/stm32f1xx_hal_tim.o
 .debug_macro   0x0000000000019a53      0x1cb Drivers/STM32F1xx_HAL_Driver/Src/stm32f1xx_hal_tim_ex.o
 .debug_macro   0x0000000000019c1e      0x1cc Drivers/STM32F1xx_HAL_Driver/Src/stm32f1xx_hal_uart.o

.debug_line     0x0000000000000000    0x121cf
 .debug_line    0x0000000000000000      0x6db Core/Src/74_HC595_SPI_lfs.o
 .debug_line    0x00000000000006db      0x6e4 Core/Src/adc.o
 .debug_line    0x0000000000000dbf      0xe1b Core/Src/blockOut.o
 .debug_line    0x0000000000001bda      0x6e9 Core/Src/botones_lfs.o
 .debug_line    0x00000000000022c3      0x6c7 Core/Src/gpio.o
 .debug_line    0x000000000000298a      0x6e2 Core/Src/i2c.o
 .debug_line    0x000000000000306c     0x10bd Core/Src/main.o
 .debug_line    0x0000000000004129      0x6e4 Core/Src/spi.o
 .debug_line    0x000000000000480d      0x6b3 Core/Src/stm32f1xx_hal_msp.o
 .debug_line    0x0000000000004ec0      0x78d Core/Src/stm32f1xx_it.o
 .debug_line    0x000000000000564d      0x49a Core/Src/sysmem.o
 .debug_line    0x0000000000005ae7      0x6da Core/Src/system_stm32f1xx.o
 .debug_line    0x00000000000061c1      0x716 Core/Src/tim.o
 .debug_line    0x00000000000068d7      0x6eb Core/Src/usart.o
 .debug_line    0x0000000000006fc2       0x87 Core/Startup/startup_stm32f103c8tx.o
 .debug_line    0x0000000000007049      0x88d Drivers/STM32F1xx_HAL_Driver/Src/stm32f1xx_hal.o
 .debug_line    0x00000000000078d6      0xbe2 Drivers/STM32F1xx_HAL_Driver/Src/stm32f1xx_hal_adc.o
 .debug_line    0x00000000000084b8      0x964 Drivers/STM32F1xx_HAL_Driver/Src/stm32f1xx_hal_cortex.o
 .debug_line    0x0000000000008e1c      0xaf2 Drivers/STM32F1xx_HAL_Driver/Src/stm32f1xx_hal_dma.o
 .debug_line    0x000000000000990e      0x889 Drivers/STM32F1xx_HAL_Driver/Src/stm32f1xx_hal_gpio.o
 .debug_line    0x000000000000a197     0x1c9f Drivers/STM32F1xx_HAL_Driver/Src/stm32f1xx_hal_i2c.o
 .debug_line    0x000000000000be36      0x94d Drivers/STM32F1xx_HAL_Driver/Src/stm32f1xx_hal_rcc.o
 .debug_line    0x000000000000c783      0x76b Drivers/STM32F1xx_HAL_Driver/Src/stm32f1xx_hal_rcc_ex.o
 .debug_line    0x000000000000ceee     0x107c Drivers/STM32F1xx_HAL_Driver/Src/stm32f1xx_hal_spi.o
 .debug_line    0x000000000000df6a     0x1fe6 Drivers/STM32F1xx_HAL_Driver/Src/stm32f1xx_hal_tim.o
 .debug_line    0x000000000000ff50     0x1182 Drivers/STM32F1xx_HAL_Driver/Src/stm32f1xx_hal_tim_ex.o
 .debug_line    0x00000000000110d2     0x10fd Drivers/STM32F1xx_HAL_Driver/Src/stm32f1xx_hal_uart.o

.debug_str      0x0000000000000000    0x9351c
 .debug_str     0x0000000000000000    0x8ac5e Core/Src/74_HC595_SPI_lfs.o
                                      0x8affe (size before relaxing)
 .debug_str     0x000000000008ac5e      0x20e Core/Src/adc.o
                                      0x8afe8 (size before relaxing)
 .debug_str     0x000000000008ae6c     0x3287 Core/Src/blockOut.o
                                      0x8dea7 (size before relaxing)
 .debug_str     0x000000000008e0f3       0xaf Core/Src/botones_lfs.o
                                      0x8ac81 (size before relaxing)
 .debug_str     0x000000000008e1a2       0x46 Core/Src/gpio.o
                                      0x8ac76 (size before relaxing)
 .debug_str     0x000000000008e1e8      0x280 Core/Src/i2c.o
                                      0x8b101 (size before relaxing)
 .debug_str     0x000000000008e468      0xb5e Core/Src/main.o
                                      0x8f081 (size before relaxing)
 .debug_str     0x000000000008efc6       0x4b Core/Src/spi.o
                                      0x8b058 (size before relaxing)
 .debug_str     0x000000000008f011       0x5a Core/Src/stm32f1xx_hal_msp.o
                                      0x8ac2e (size before relaxing)
 .debug_str     0x000000000008f06b       0xef Core/Src/stm32f1xx_it.o
                                      0x8b344 (size before relaxing)
 .debug_str     0x000000000008f15a      0x4e9 Core/Src/sysmem.o
                                       0x5f48 (size before relaxing)
 .debug_str     0x000000000008f643       0x52 Core/Src/system_stm32f1xx.o
                                      0x8aac8 (size before relaxing)
 .debug_str     0x000000000008f695      0x368 Core/Src/tim.o
                                      0x8b4a8 (size before relaxing)
 .debug_str     0x000000000008f9fd       0x57 Core/Src/usart.o
                                      0x8b33b (size before relaxing)
 .debug_str     0x000000000008fa54       0x36 Core/Startup/startup_stm32f103c8tx.o
                                         0x78 (size before relaxing)
 .debug_str     0x000000000008fa8a      0x2fa Drivers/STM32F1xx_HAL_Driver/Src/stm32f1xx_hal.o
                                      0x8b159 (size before relaxing)
 .debug_str     0x000000000008fd84      0x35c Drivers/STM32F1xx_HAL_Driver/Src/stm32f1xx_hal_adc.o
                                      0x8b158 (size before relaxing)
 .debug_str     0x00000000000900e0      0x300 Drivers/STM32F1xx_HAL_Driver/Src/stm32f1xx_hal_cortex.o
                                      0x8b161 (size before relaxing)
 .debug_str     0x00000000000903e0      0x235 Drivers/STM32F1xx_HAL_Driver/Src/stm32f1xx_hal_dma.o
                                      0x8aea3 (size before relaxing)
 .debug_str     0x0000000000090615      0x31f Drivers/STM32F1xx_HAL_Driver/Src/stm32f1xx_hal_gpio.o
                                      0x8ae8c (size before relaxing)
 .debug_str     0x0000000000090934      0xb54 Drivers/STM32F1xx_HAL_Driver/Src/stm32f1xx_hal_i2c.o
                                      0x8bb04 (size before relaxing)
 .debug_str     0x0000000000091488      0x244 Drivers/STM32F1xx_HAL_Driver/Src/stm32f1xx_hal_rcc.o
                                      0x8aec5 (size before relaxing)
 .debug_str     0x00000000000916cc       0xb9 Drivers/STM32F1xx_HAL_Driver/Src/stm32f1xx_hal_rcc_ex.o
                                      0x8ac52 (size before relaxing)
 .debug_str     0x0000000000091785      0x52e Drivers/STM32F1xx_HAL_Driver/Src/stm32f1xx_hal_spi.o
                                      0x8b3d4 (size before relaxing)
 .debug_str     0x0000000000091cb3      0xdb5 Drivers/STM32F1xx_HAL_Driver/Src/stm32f1xx_hal_tim.o
                                      0x8be97 (size before relaxing)
 .debug_str     0x0000000000092a68      0x4ee Drivers/STM32F1xx_HAL_Driver/Src/stm32f1xx_hal_tim_ex.o
                                      0x8b648 (size before relaxing)
 .debug_str     0x0000000000092f56      0x5c6 Drivers/STM32F1xx_HAL_Driver/Src/stm32f1xx_hal_uart.o
                                      0x8b4b7 (size before relaxing)

.comment        0x0000000000000000       0x7b
 .comment       0x0000000000000000       0x7b Core/Src/74_HC595_SPI_lfs.o
                                         0x7c (size before relaxing)
 .comment       0x000000000000007b       0x7c Core/Src/adc.o
 .comment       0x000000000000007b       0x7c Core/Src/blockOut.o
 .comment       0x000000000000007b       0x7c Core/Src/botones_lfs.o
 .comment       0x000000000000007b       0x7c Core/Src/gpio.o
 .comment       0x000000000000007b       0x7c Core/Src/i2c.o
 .comment       0x000000000000007b       0x7c Core/Src/main.o
 .comment       0x000000000000007b       0x7c Core/Src/spi.o
 .comment       0x000000000000007b       0x7c Core/Src/stm32f1xx_hal_msp.o
 .comment       0x000000000000007b       0x7c Core/Src/stm32f1xx_it.o
 .comment       0x000000000000007b       0x7c Core/Src/sysmem.o
 .comment       0x000000000000007b       0x7c Core/Src/system_stm32f1xx.o
 .comment       0x000000000000007b       0x7c Core/Src/tim.o
 .comment       0x000000000000007b       0x7c Core/Src/usart.o
 .comment       0x000000000000007b       0x7c Drivers/STM32F1xx_HAL_Driver/Src/stm32f1xx_hal.o
 .comment       0x000000000000007b       0x7c Drivers/STM32F1xx_HAL_Driver/Src/stm32f1xx_hal_adc.o
 .comment       0x000000000000007b       0x7c Drivers/STM32F1xx_HAL_Driver/Src/stm32f1xx_hal_cortex.o
 .comment       0x000000000000007b       0x7c Drivers/STM32F1xx_HAL_Driver/Src/stm32f1xx_hal_dma.o
 .comment       0x000000000000007b       0x7c Drivers/STM32F1xx_HAL_Driver/Src/stm32f1xx_hal_gpio.o
 .comment       0x000000000000007b       0x7c Drivers/STM32F1xx_HAL_Driver/Src/stm32f1xx_hal_i2c.o
 .comment       0x000000000000007b       0x7c Drivers/STM32F1xx_HAL_Driver/Src/stm32f1xx_hal_rcc.o
 .comment       0x000000000000007b       0x7c Drivers/STM32F1xx_HAL_Driver/Src/stm32f1xx_hal_rcc_ex.o
 .comment       0x000000000000007b       0x7c Drivers/STM32F1xx_HAL_Driver/Src/stm32f1xx_hal_spi.o
 .comment       0x000000000000007b       0x7c Drivers/STM32F1xx_HAL_Driver/Src/stm32f1xx_hal_tim.o
 .comment       0x000000000000007b       0x7c Drivers/STM32F1xx_HAL_Driver/Src/stm32f1xx_hal_tim_ex.o
 .comment       0x000000000000007b       0x7c Drivers/STM32F1xx_HAL_Driver/Src/stm32f1xx_hal_uart.o

.debug_frame    0x0000000000000000     0x51e0
 .debug_frame   0x0000000000000000       0x58 Core/Src/74_HC595_SPI_lfs.o
 .debug_frame   0x0000000000000058       0x7c Core/Src/adc.o
 .debug_frame   0x00000000000000d4       0x38 Core/Src/blockOut.o
 .debug_frame   0x000000000000010c       0x74 Core/Src/botones_lfs.o
 .debug_frame   0x0000000000000180       0x34 Core/Src/gpio.o
 .debug_frame   0x00000000000001b4       0x74 Core/Src/i2c.o
 .debug_frame   0x0000000000000228      0x360 Core/Src/main.o
 .debug_frame   0x0000000000000588       0x74 Core/Src/spi.o
 .debug_frame   0x00000000000005fc       0x38 Core/Src/stm32f1xx_hal_msp.o
 .debug_frame   0x0000000000000634      0x164 Core/Src/stm32f1xx_it.o
 .debug_frame   0x0000000000000798       0x34 Core/Src/sysmem.o
 .debug_frame   0x00000000000007cc       0x58 Core/Src/system_stm32f1xx.o
 .debug_frame   0x0000000000000824       0xa0 Core/Src/tim.o
 .debug_frame   0x00000000000008c4       0x74 Core/Src/usart.o
 .debug_frame   0x0000000000000938      0x334 Drivers/STM32F1xx_HAL_Driver/Src/stm32f1xx_hal.o
 .debug_frame   0x0000000000000c6c      0x40c Drivers/STM32F1xx_HAL_Driver/Src/stm32f1xx_hal_adc.o
 .debug_frame   0x0000000000001078      0x428 Drivers/STM32F1xx_HAL_Driver/Src/stm32f1xx_hal_cortex.o
 .debug_frame   0x00000000000014a0      0x208 Drivers/STM32F1xx_HAL_Driver/Src/stm32f1xx_hal_dma.o
 .debug_frame   0x00000000000016a8      0x14c Drivers/STM32F1xx_HAL_Driver/Src/stm32f1xx_hal_gpio.o
 .debug_frame   0x00000000000017f4      0xc5c Drivers/STM32F1xx_HAL_Driver/Src/stm32f1xx_hal_i2c.o
 .debug_frame   0x0000000000002450      0x21c Drivers/STM32F1xx_HAL_Driver/Src/stm32f1xx_hal_rcc.o
 .debug_frame   0x000000000000266c       0x84 Drivers/STM32F1xx_HAL_Driver/Src/stm32f1xx_hal_rcc_ex.o
 .debug_frame   0x00000000000026f0      0x824 Drivers/STM32F1xx_HAL_Driver/Src/stm32f1xx_hal_spi.o
 .debug_frame   0x0000000000002f14     0x11b8 Drivers/STM32F1xx_HAL_Driver/Src/stm32f1xx_hal_tim.o
 .debug_frame   0x00000000000040cc      0x638 Drivers/STM32F1xx_HAL_Driver/Src/stm32f1xx_hal_tim_ex.o
 .debug_frame   0x0000000000004704      0x914 Drivers/STM32F1xx_HAL_Driver/Src/stm32f1xx_hal_uart.o
 .debug_frame   0x0000000000005018       0x20 /opt/st/stm32cubeide_1.4.0/plugins/com.st.stm32cube.ide.mcu.externaltools.gnu-tools-for-stm32.7-2018-q2-update.linux64_1.4.0.202007081208/tools/bin/../lib/gcc/arm-none-eabi/7.3.1/../../../../arm-none-eabi/lib/thumb/v7-m/libc_nano.a(lib_a-errno.o)
 .debug_frame   0x0000000000005038       0x2c /opt/st/stm32cubeide_1.4.0/plugins/com.st.stm32cube.ide.mcu.externaltools.gnu-tools-for-stm32.7-2018-q2-update.linux64_1.4.0.202007081208/tools/bin/../lib/gcc/arm-none-eabi/7.3.1/../../../../arm-none-eabi/lib/thumb/v7-m/libc_nano.a(lib_a-init.o)
 .debug_frame   0x0000000000005064       0x30 /opt/st/stm32cubeide_1.4.0/plugins/com.st.stm32cube.ide.mcu.externaltools.gnu-tools-for-stm32.7-2018-q2-update.linux64_1.4.0.202007081208/tools/bin/../lib/gcc/arm-none-eabi/7.3.1/../../../../arm-none-eabi/lib/thumb/v7-m/libc_nano.a(lib_a-malloc.o)
 .debug_frame   0x0000000000005094       0x20 /opt/st/stm32cubeide_1.4.0/plugins/com.st.stm32cube.ide.mcu.externaltools.gnu-tools-for-stm32.7-2018-q2-update.linux64_1.4.0.202007081208/tools/bin/../lib/gcc/arm-none-eabi/7.3.1/../../../../arm-none-eabi/lib/thumb/v7-m/libc_nano.a(lib_a-memset.o)
 .debug_frame   0x00000000000050b4       0x2c /opt/st/stm32cubeide_1.4.0/plugins/com.st.stm32cube.ide.mcu.externaltools.gnu-tools-for-stm32.7-2018-q2-update.linux64_1.4.0.202007081208/tools/bin/../lib/gcc/arm-none-eabi/7.3.1/../../../../arm-none-eabi/lib/thumb/v7-m/libc_nano.a(lib_a-nano-mallocr.o)
 .debug_frame   0x00000000000050e0       0x48 /opt/st/stm32cubeide_1.4.0/plugins/com.st.stm32cube.ide.mcu.externaltools.gnu-tools-for-stm32.7-2018-q2-update.linux64_1.4.0.202007081208/tools/bin/../lib/gcc/arm-none-eabi/7.3.1/../../../../arm-none-eabi/lib/thumb/v7-m/libc_nano.a(lib_a-rand.o)
 .debug_frame   0x0000000000005128       0x2c /opt/st/stm32cubeide_1.4.0/plugins/com.st.stm32cube.ide.mcu.externaltools.gnu-tools-for-stm32.7-2018-q2-update.linux64_1.4.0.202007081208/tools/bin/../lib/gcc/arm-none-eabi/7.3.1/../../../../arm-none-eabi/lib/thumb/v7-m/libc_nano.a(lib_a-sbrkr.o)
 .debug_frame   0x0000000000005154       0x30 /opt/st/stm32cubeide_1.4.0/plugins/com.st.stm32cube.ide.mcu.externaltools.gnu-tools-for-stm32.7-2018-q2-update.linux64_1.4.0.202007081208/tools/bin/../lib/gcc/arm-none-eabi/7.3.1/../../../../arm-none-eabi/lib/thumb/v7-m/libc_nano.a(lib_a-mlock.o)
 .debug_frame   0x0000000000005184       0x5c /opt/st/stm32cubeide_1.4.0/plugins/com.st.stm32cube.ide.mcu.externaltools.gnu-tools-for-stm32.7-2018-q2-update.linux64_1.4.0.202007081208/tools/bin/../lib/gcc/arm-none-eabi/7.3.1/../../../../arm-none-eabi/lib/thumb/v7-m/libc_nano.a(lib_a-reent.o)
